Archive member included to satisfy reference by file (symbol)

/Users/bowencui/Documents/444lab/ecse444_w2022_group18/lab3/lib/libarm_cortexM4lf_math.a(arm_sin_f32.o)
                              ./Core/Src/main.o (arm_sin_f32)
/Users/bowencui/Documents/444lab/ecse444_w2022_group18/lab3/lib/libarm_cortexM4lf_math.a(arm_common_tables.o)
                              /Users/bowencui/Documents/444lab/ecse444_w2022_group18/lab3/lib/libarm_cortexM4lf_math.a(arm_sin_f32.o) (sinTable_f32)
/Applications/STM32CubeIDE.app/Contents/Eclipse/plugins/com.st.stm32cube.ide.mcu.externaltools.gnu-tools-for-stm32.9-2020-q2-update.macos64_2.0.0.202105311346/tools/bin/../lib/gcc/arm-none-eabi/9.3.1/../../../../arm-none-eabi/lib/thumb/v7e-m+fp/hard/libc_nano.a(lib_a-errno.o)
                              ./Core/Src/syscalls.o (__errno)
/Applications/STM32CubeIDE.app/Contents/Eclipse/plugins/com.st.stm32cube.ide.mcu.externaltools.gnu-tools-for-stm32.9-2020-q2-update.macos64_2.0.0.202105311346/tools/bin/../lib/gcc/arm-none-eabi/9.3.1/../../../../arm-none-eabi/lib/thumb/v7e-m+fp/hard/libc_nano.a(lib_a-exit.o)
                              /Applications/STM32CubeIDE.app/Contents/Eclipse/plugins/com.st.stm32cube.ide.mcu.externaltools.gnu-tools-for-stm32.9-2020-q2-update.macos64_2.0.0.202105311346/tools/bin/../lib/gcc/arm-none-eabi/9.3.1/../../../../arm-none-eabi/lib/thumb/v7e-m+fp/hard/crt0.o (exit)
/Applications/STM32CubeIDE.app/Contents/Eclipse/plugins/com.st.stm32cube.ide.mcu.externaltools.gnu-tools-for-stm32.9-2020-q2-update.macos64_2.0.0.202105311346/tools/bin/../lib/gcc/arm-none-eabi/9.3.1/../../../../arm-none-eabi/lib/thumb/v7e-m+fp/hard/libc_nano.a(lib_a-impure.o)
                              /Applications/STM32CubeIDE.app/Contents/Eclipse/plugins/com.st.stm32cube.ide.mcu.externaltools.gnu-tools-for-stm32.9-2020-q2-update.macos64_2.0.0.202105311346/tools/bin/../lib/gcc/arm-none-eabi/9.3.1/../../../../arm-none-eabi/lib/thumb/v7e-m+fp/hard/libc_nano.a(lib_a-exit.o) (_global_impure_ptr)
/Applications/STM32CubeIDE.app/Contents/Eclipse/plugins/com.st.stm32cube.ide.mcu.externaltools.gnu-tools-for-stm32.9-2020-q2-update.macos64_2.0.0.202105311346/tools/bin/../lib/gcc/arm-none-eabi/9.3.1/../../../../arm-none-eabi/lib/thumb/v7e-m+fp/hard/libc_nano.a(lib_a-init.o)
                              /Applications/STM32CubeIDE.app/Contents/Eclipse/plugins/com.st.stm32cube.ide.mcu.externaltools.gnu-tools-for-stm32.9-2020-q2-update.macos64_2.0.0.202105311346/tools/bin/../lib/gcc/arm-none-eabi/9.3.1/../../../../arm-none-eabi/lib/thumb/v7e-m+fp/hard/crt0.o (__libc_init_array)
/Applications/STM32CubeIDE.app/Contents/Eclipse/plugins/com.st.stm32cube.ide.mcu.externaltools.gnu-tools-for-stm32.9-2020-q2-update.macos64_2.0.0.202105311346/tools/bin/../lib/gcc/arm-none-eabi/9.3.1/../../../../arm-none-eabi/lib/thumb/v7e-m+fp/hard/libc_nano.a(lib_a-memset.o)
                              /Applications/STM32CubeIDE.app/Contents/Eclipse/plugins/com.st.stm32cube.ide.mcu.externaltools.gnu-tools-for-stm32.9-2020-q2-update.macos64_2.0.0.202105311346/tools/bin/../lib/gcc/arm-none-eabi/9.3.1/../../../../arm-none-eabi/lib/thumb/v7e-m+fp/hard/crt0.o (memset)
/Applications/STM32CubeIDE.app/Contents/Eclipse/plugins/com.st.stm32cube.ide.mcu.externaltools.gnu-tools-for-stm32.9-2020-q2-update.macos64_2.0.0.202105311346/tools/bin/../lib/gcc/arm-none-eabi/9.3.1/../../../../arm-none-eabi/lib/thumb/v7e-m+fp/hard/libm.a(lib_a-s_round.o)
                              ./Core/Src/main.o (round)
/Applications/STM32CubeIDE.app/Contents/Eclipse/plugins/com.st.stm32cube.ide.mcu.externaltools.gnu-tools-for-stm32.9-2020-q2-update.macos64_2.0.0.202105311346/tools/bin/../lib/gcc/arm-none-eabi/9.3.1/thumb/v7e-m+fp/hard/libgcc.a(_arm_muldf3.o)
                              ./Core/Src/main.o (__aeabi_dmul)
/Applications/STM32CubeIDE.app/Contents/Eclipse/plugins/com.st.stm32cube.ide.mcu.externaltools.gnu-tools-for-stm32.9-2020-q2-update.macos64_2.0.0.202105311346/tools/bin/../lib/gcc/arm-none-eabi/9.3.1/thumb/v7e-m+fp/hard/libgcc.a(_arm_addsubdf3.o)
                              ./Core/Src/main.o (__aeabi_dadd)
/Applications/STM32CubeIDE.app/Contents/Eclipse/plugins/com.st.stm32cube.ide.mcu.externaltools.gnu-tools-for-stm32.9-2020-q2-update.macos64_2.0.0.202105311346/tools/bin/../lib/gcc/arm-none-eabi/9.3.1/thumb/v7e-m+fp/hard/libgcc.a(_arm_fixunsdfsi.o)
                              ./Core/Src/main.o (__aeabi_d2uiz)

Allocating common symbols
Common symbol       size              file

hdac1               0x14              ./Core/Src/main.o
sine_array          0x2ee00           ./Core/Src/main.o
hdma_dac1_ch1       0x60              ./Core/Src/main.o
uwTick              0x4               ./Drivers/STM32L4xx_HAL_Driver/Src/stm32l4xx_hal.o
cur_value           0x4               ./Core/Src/main.o
htim2               0x4c              ./Core/Src/main.o

Discarded input sections

[...]
Memory Configuration

Name             Origin             Length             Attributes
RAM              0x0000000020000000 0x00000000000a0000 xrw
RAM2             0x0000000010000000 0x0000000000010000 xrw
RAM3             0x0000000020040000 0x0000000000060000 xrw
FLASH            0x0000000008000000 0x0000000000200000 xr
*default*        0x0000000000000000 0xffffffffffffffff

Linker script and memory map

LOAD /Applications/STM32CubeIDE.app/Contents/Eclipse/plugins/com.st.stm32cube.ide.mcu.externaltools.gnu-tools-for-stm32.9-2020-q2-update.macos64_2.0.0.202105311346/tools/bin/../lib/gcc/arm-none-eabi/9.3.1/thumb/v7e-m+fp/hard/crti.o
LOAD /Applications/STM32CubeIDE.app/Contents/Eclipse/plugins/com.st.stm32cube.ide.mcu.externaltools.gnu-tools-for-stm32.9-2020-q2-update.macos64_2.0.0.202105311346/tools/bin/../lib/gcc/arm-none-eabi/9.3.1/thumb/v7e-m+fp/hard/crtbegin.o
LOAD /Applications/STM32CubeIDE.app/Contents/Eclipse/plugins/com.st.stm32cube.ide.mcu.externaltools.gnu-tools-for-stm32.9-2020-q2-update.macos64_2.0.0.202105311346/tools/bin/../lib/gcc/arm-none-eabi/9.3.1/../../../../arm-none-eabi/lib/thumb/v7e-m+fp/hard/crt0.o
LOAD ./Core/Src/main.o
LOAD ./Core/Src/stm32l4xx_hal_msp.o
LOAD ./Core/Src/stm32l4xx_it.o
LOAD ./Core/Src/syscalls.o
LOAD ./Core/Src/sysmem.o
LOAD ./Core/Src/system_stm32l4xx.o
LOAD ./Core/Startup/startup_stm32l4s5vitx.o
LOAD ./Drivers/STM32L4xx_HAL_Driver/Src/stm32l4xx_hal.o
LOAD ./Drivers/STM32L4xx_HAL_Driver/Src/stm32l4xx_hal_cortex.o
LOAD ./Drivers/STM32L4xx_HAL_Driver/Src/stm32l4xx_hal_dac.o
LOAD ./Drivers/STM32L4xx_HAL_Driver/Src/stm32l4xx_hal_dac_ex.o
LOAD ./Drivers/STM32L4xx_HAL_Driver/Src/stm32l4xx_hal_dma.o
LOAD ./Drivers/STM32L4xx_HAL_Driver/Src/stm32l4xx_hal_dma_ex.o
LOAD ./Drivers/STM32L4xx_HAL_Driver/Src/stm32l4xx_hal_exti.o
LOAD ./Drivers/STM32L4xx_HAL_Driver/Src/stm32l4xx_hal_flash.o
LOAD ./Drivers/STM32L4xx_HAL_Driver/Src/stm32l4xx_hal_flash_ex.o
LOAD ./Drivers/STM32L4xx_HAL_Driver/Src/stm32l4xx_hal_flash_ramfunc.o
LOAD ./Drivers/STM32L4xx_HAL_Driver/Src/stm32l4xx_hal_gpio.o
LOAD ./Drivers/STM32L4xx_HAL_Driver/Src/stm32l4xx_hal_i2c.o
LOAD ./Drivers/STM32L4xx_HAL_Driver/Src/stm32l4xx_hal_i2c_ex.o
LOAD ./Drivers/STM32L4xx_HAL_Driver/Src/stm32l4xx_hal_pwr.o
LOAD ./Drivers/STM32L4xx_HAL_Driver/Src/stm32l4xx_hal_pwr_ex.o
LOAD ./Drivers/STM32L4xx_HAL_Driver/Src/stm32l4xx_hal_rcc.o
LOAD ./Drivers/STM32L4xx_HAL_Driver/Src/stm32l4xx_hal_rcc_ex.o
LOAD ./Drivers/STM32L4xx_HAL_Driver/Src/stm32l4xx_hal_tim.o
LOAD ./Drivers/STM32L4xx_HAL_Driver/Src/stm32l4xx_hal_tim_ex.o
LOAD /Users/bowencui/Documents/444lab/ecse444_w2022_group18/lab3/lib/libarm_cortexM4lf_math.a
START GROUP
LOAD /Applications/STM32CubeIDE.app/Contents/Eclipse/plugins/com.st.stm32cube.ide.mcu.externaltools.gnu-tools-for-stm32.9-2020-q2-update.macos64_2.0.0.202105311346/tools/bin/../lib/gcc/arm-none-eabi/9.3.1/../../../../arm-none-eabi/lib/thumb/v7e-m+fp/hard/libc_nano.a
LOAD /Applications/STM32CubeIDE.app/Contents/Eclipse/plugins/com.st.stm32cube.ide.mcu.externaltools.gnu-tools-for-stm32.9-2020-q2-update.macos64_2.0.0.202105311346/tools/bin/../lib/gcc/arm-none-eabi/9.3.1/../../../../arm-none-eabi/lib/thumb/v7e-m+fp/hard/libm.a
END GROUP
START GROUP
LOAD /Applications/STM32CubeIDE.app/Contents/Eclipse/plugins/com.st.stm32cube.ide.mcu.externaltools.gnu-tools-for-stm32.9-2020-q2-update.macos64_2.0.0.202105311346/tools/bin/../lib/gcc/arm-none-eabi/9.3.1/thumb/v7e-m+fp/hard/libgcc.a
LOAD /Applications/STM32CubeIDE.app/Contents/Eclipse/plugins/com.st.stm32cube.ide.mcu.externaltools.gnu-tools-for-stm32.9-2020-q2-update.macos64_2.0.0.202105311346/tools/bin/../lib/gcc/arm-none-eabi/9.3.1/../../../../arm-none-eabi/lib/thumb/v7e-m+fp/hard/libc_nano.a
END GROUP
START GROUP
LOAD /Applications/STM32CubeIDE.app/Contents/Eclipse/plugins/com.st.stm32cube.ide.mcu.externaltools.gnu-tools-for-stm32.9-2020-q2-update.macos64_2.0.0.202105311346/tools/bin/../lib/gcc/arm-none-eabi/9.3.1/thumb/v7e-m+fp/hard/libgcc.a
LOAD /Applications/STM32CubeIDE.app/Contents/Eclipse/plugins/com.st.stm32cube.ide.mcu.externaltools.gnu-tools-for-stm32.9-2020-q2-update.macos64_2.0.0.202105311346/tools/bin/../lib/gcc/arm-none-eabi/9.3.1/../../../../arm-none-eabi/lib/thumb/v7e-m+fp/hard/libc_nano.a
LOAD /Applications/STM32CubeIDE.app/Contents/Eclipse/plugins/com.st.stm32cube.ide.mcu.externaltools.gnu-tools-for-stm32.9-2020-q2-update.macos64_2.0.0.202105311346/tools/bin/../lib/gcc/arm-none-eabi/9.3.1/../../../../arm-none-eabi/lib/thumb/v7e-m+fp/hard/libnosys.a
END GROUP
START GROUP
LOAD /Applications/STM32CubeIDE.app/Contents/Eclipse/plugins/com.st.stm32cube.ide.mcu.externaltools.gnu-tools-for-stm32.9-2020-q2-update.macos64_2.0.0.202105311346/tools/bin/../lib/gcc/arm-none-eabi/9.3.1/thumb/v7e-m+fp/hard/libgcc.a
LOAD /Applications/STM32CubeIDE.app/Contents/Eclipse/plugins/com.st.stm32cube.ide.mcu.externaltools.gnu-tools-for-stm32.9-2020-q2-update.macos64_2.0.0.202105311346/tools/bin/../lib/gcc/arm-none-eabi/9.3.1/../../../../arm-none-eabi/lib/thumb/v7e-m+fp/hard/libc_nano.a
LOAD /Applications/STM32CubeIDE.app/Contents/Eclipse/plugins/com.st.stm32cube.ide.mcu.externaltools.gnu-tools-for-stm32.9-2020-q2-update.macos64_2.0.0.202105311346/tools/bin/../lib/gcc/arm-none-eabi/9.3.1/../../../../arm-none-eabi/lib/thumb/v7e-m+fp/hard/libnosys.a
END GROUP
LOAD /Applications/STM32CubeIDE.app/Contents/Eclipse/plugins/com.st.stm32cube.ide.mcu.externaltools.gnu-tools-for-stm32.9-2020-q2-update.macos64_2.0.0.202105311346/tools/bin/../lib/gcc/arm-none-eabi/9.3.1/thumb/v7e-m+fp/hard/crtend.o
LOAD /Applications/STM32CubeIDE.app/Contents/Eclipse/plugins/com.st.stm32cube.ide.mcu.externaltools.gnu-tools-for-stm32.9-2020-q2-update.macos64_2.0.0.202105311346/tools/bin/../lib/gcc/arm-none-eabi/9.3.1/thumb/v7e-m+fp/hard/crtn.o
                0x00000000200a0000                _estack = (ORIGIN (RAM) + LENGTH (RAM))
                0x0000000000000200                _Min_Heap_Size = 0x200
                0x0000000000000400                _Min_Stack_Size = 0x400

.isr_vector     0x0000000008000000      0x1bc
                0x0000000008000000                . = ALIGN (0x4)
 *(.isr_vector)
 .isr_vector    0x0000000008000000      0x1bc ./Core/Startup/startup_stm32l4s5vitx.o
                0x0000000008000000                g_pfnVectors
                0x00000000080001bc                . = ALIGN (0x4)

.text           0x00000000080001c0     0x3bb0
                0x00000000080001c0                . = ALIGN (0x4)
 *(.text)
 .text          0x00000000080001c0       0x40 /Applications/STM32CubeIDE.app/Contents/Eclipse/plugins/com.st.stm32cube.ide.mcu.externaltools.gnu-tools-for-stm32.9-2020-q2-update.macos64_2.0.0.202105311346/tools/bin/../lib/gcc/arm-none-eabi/9.3.1/thumb/v7e-m+fp/hard/crtbegin.o
 .text          0x0000000008000200      0x254 /Applications/STM32CubeIDE.app/Contents/Eclipse/plugins/com.st.stm32cube.ide.mcu.externaltools.gnu-tools-for-stm32.9-2020-q2-update.macos64_2.0.0.202105311346/tools/bin/../lib/gcc/arm-none-eabi/9.3.1/thumb/v7e-m+fp/hard/libgcc.a(_arm_muldf3.o)
                0x0000000008000200                __aeabi_dmul
                0x0000000008000200                __muldf3
 .text          0x0000000008000454      0x378 /Applications/STM32CubeIDE.app/Contents/Eclipse/plugins/com.st.stm32cube.ide.mcu.externaltools.gnu-tools-for-stm32.9-2020-q2-update.macos64_2.0.0.202105311346/tools/bin/../lib/gcc/arm-none-eabi/9.3.1/thumb/v7e-m+fp/hard/libgcc.a(_arm_addsubdf3.o)
                0x0000000008000454                __aeabi_drsub
                0x000000000800045c                __subdf3
                0x000000000800045c                __aeabi_dsub
                0x0000000008000460                __aeabi_dadd
                0x0000000008000460                __adddf3
                0x00000000080006d8                __aeabi_ui2d
                0x00000000080006d8                __floatunsidf
                0x00000000080006f8                __floatsidf
                0x00000000080006f8                __aeabi_i2d
                0x000000000800071c                __extendsfdf2
                0x000000000800071c                __aeabi_f2d
                0x0000000008000760                __aeabi_ul2d
                0x0000000008000760                __floatundidf
                0x0000000008000770                __aeabi_l2d
                0x0000000008000770                __floatdidf
 .text          0x00000000080007cc       0x40 /Applications/STM32CubeIDE.app/Contents/Eclipse/plugins/com.st.stm32cube.ide.mcu.externaltools.gnu-tools-for-stm32.9-2020-q2-update.macos64_2.0.0.202105311346/tools/bin/../lib/gcc/arm-none-eabi/9.3.1/thumb/v7e-m+fp/hard/libgcc.a(_arm_fixunsdfsi.o)
                0x00000000080007cc                __fixunsdfsi
                0x00000000080007cc                __aeabi_d2uiz
 *(.text*)
 *fill*         0x000000000800080c        0x4 
 .text.main     0x0000000008000810      0x168 ./Core/Src/main.o
                0x0000000008000810                main
 .text.SystemClock_Config
                0x0000000008000978       0xa2 ./Core/Src/main.o
                0x0000000008000978                SystemClock_Config
 *fill*         0x0000000008000a1a        0x2 
 .text.MX_DAC1_Init
                0x0000000008000a1c       0x68 ./Core/Src/main.o
 .text.MX_TIM2_Init
                0x0000000008000a84       0x9c ./Core/Src/main.o
 .text.MX_DMA_Init
                0x0000000008000b20       0x54 ./Core/Src/main.o
 .text.MX_GPIO_Init
                0x0000000008000b74       0xc8 ./Core/Src/main.o
 *fill*         0x0000000008000c3c        0x4 
 .text.generate_lut
                0x0000000008000c40       0xc4 ./Core/Src/main.o
                0x0000000008000c40                generate_lut
 .text.HAL_GPIO_EXTI_Callback
                0x0000000008000d04       0x2c ./Core/Src/main.o
                0x0000000008000d04                HAL_GPIO_EXTI_Callback
 .text.HAL_TIM_PeriodElapsedCallback
                0x0000000008000d30       0x64 ./Core/Src/main.o
                0x0000000008000d30                HAL_TIM_PeriodElapsedCallback
 .text.Error_Handler
                0x0000000008000d94        0xa ./Core/Src/main.o
                0x0000000008000d94                Error_Handler
 *fill*         0x0000000008000d9e        0x2 
 .text.HAL_MspInit
                0x0000000008000da0       0x48 ./Core/Src/stm32l4xx_hal_msp.o
                0x0000000008000da0                HAL_MspInit
 .text.HAL_DAC_MspInit
                0x0000000008000de8       0xdc ./Core/Src/stm32l4xx_hal_msp.o
                0x0000000008000de8                HAL_DAC_MspInit
 .text.HAL_TIM_Base_MspInit
                0x0000000008000ec4       0x48 ./Core/Src/stm32l4xx_hal_msp.o
                0x0000000008000ec4                HAL_TIM_Base_MspInit
 .text.NMI_Handler
                0x0000000008000f0c        0x6 ./Core/Src/stm32l4xx_it.o
                0x0000000008000f0c                NMI_Handler
 .text.HardFault_Handler
                0x0000000008000f12        0x6 ./Core/Src/stm32l4xx_it.o
                0x0000000008000f12                HardFault_Handler
 .text.MemManage_Handler
                0x0000000008000f18        0x6 ./Core/Src/stm32l4xx_it.o
                0x0000000008000f18                MemManage_Handler
 .text.BusFault_Handler
                0x0000000008000f1e        0x6 ./Core/Src/stm32l4xx_it.o
                0x0000000008000f1e                BusFault_Handler
 .text.UsageFault_Handler
                0x0000000008000f24        0x6 ./Core/Src/stm32l4xx_it.o
                0x0000000008000f24                UsageFault_Handler
 .text.SVC_Handler
                0x0000000008000f2a        0xe ./Core/Src/stm32l4xx_it.o
                0x0000000008000f2a                SVC_Handler
 .text.DebugMon_Handler
                0x0000000008000f38        0xe ./Core/Src/stm32l4xx_it.o
                0x0000000008000f38                DebugMon_Handler
 .text.PendSV_Handler
                0x0000000008000f46        0xe ./Core/Src/stm32l4xx_it.o
                0x0000000008000f46                PendSV_Handler
 .text.SysTick_Handler
                0x0000000008000f54        0xc ./Core/Src/stm32l4xx_it.o
                0x0000000008000f54                SysTick_Handler
 .text.DMA1_Channel4_IRQHandler
                0x0000000008000f60       0x14 ./Core/Src/stm32l4xx_it.o
                0x0000000008000f60                DMA1_Channel4_IRQHandler
 .text.TIM2_IRQHandler
                0x0000000008000f74       0x14 ./Core/Src/stm32l4xx_it.o
                0x0000000008000f74                TIM2_IRQHandler
 .text.EXTI15_10_IRQHandler
                0x0000000008000f88       0x10 ./Core/Src/stm32l4xx_it.o
                0x0000000008000f88                EXTI15_10_IRQHandler
 .text.SystemInit
                0x0000000008000f98       0x24 ./Core/Src/system_stm32l4xx.o
                0x0000000008000f98                SystemInit
 .text.Reset_Handler
                0x0000000008000fbc       0x50 ./Core/Startup/startup_stm32l4s5vitx.o
                0x0000000008000fbc                Reset_Handler
 .text.Default_Handler
                0x000000000800100c        0x2 ./Core/Startup/startup_stm32l4s5vitx.o
                0x000000000800100c                TIM1_BRK_TIM15_IRQHandler
                0x000000000800100c                EXTI2_IRQHandler
                0x000000000800100c                TIM8_TRG_COM_IRQHandler
                0x000000000800100c                TIM8_CC_IRQHandler
                0x000000000800100c                TIM1_CC_IRQHandler
                0x000000000800100c                TSC_IRQHandler
                0x000000000800100c                TAMP_STAMP_IRQHandler
                0x000000000800100c                EXTI3_IRQHandler
                0x000000000800100c                LPTIM2_IRQHandler
                0x000000000800100c                DFSDM1_FLT1_IRQHandler
                0x000000000800100c                GFXMMU_IRQHandler
                0x000000000800100c                I2C3_ER_IRQHandler
                0x000000000800100c                DFSDM1_FLT2_IRQHandler
                0x000000000800100c                EXTI0_IRQHandler
                0x000000000800100c                I2C2_EV_IRQHandler
                0x000000000800100c                CAN1_RX0_IRQHandler
                0x000000000800100c                FPU_IRQHandler
                0x000000000800100c                TIM1_UP_TIM16_IRQHandler
                0x000000000800100c                LTDC_ER_IRQHandler
                0x000000000800100c                SPI1_IRQHandler
                0x000000000800100c                OCTOSPI1_IRQHandler
                0x000000000800100c                TIM6_DAC_IRQHandler
                0x000000000800100c                DCMI_IRQHandler
                0x000000000800100c                TIM8_UP_IRQHandler
                0x000000000800100c                OCTOSPI2_IRQHandler
                0x000000000800100c                DMA2_Channel2_IRQHandler
                0x000000000800100c                SAI2_IRQHandler
                0x000000000800100c                ADC1_IRQHandler
                0x000000000800100c                DFSDM1_FLT3_IRQHandler
                0x000000000800100c                USART3_IRQHandler
                0x000000000800100c                DMA1_Channel7_IRQHandler
                0x000000000800100c                CAN1_RX1_IRQHandler
                0x000000000800100c                UART5_IRQHandler
                0x000000000800100c                TIM4_IRQHandler
                0x000000000800100c                DMA2_Channel1_IRQHandler
                0x000000000800100c                I2C1_EV_IRQHandler
                0x000000000800100c                DMAMUX1_OVR_IRQHandler
                0x000000000800100c                DMA1_Channel6_IRQHandler
                0x000000000800100c                UART4_IRQHandler
                0x000000000800100c                DMA2_Channel4_IRQHandler
                0x000000000800100c                TIM3_IRQHandler
                0x000000000800100c                RCC_IRQHandler
                0x000000000800100c                DMA1_Channel1_IRQHandler
                0x000000000800100c                Default_Handler
                0x000000000800100c                DMA2_Channel7_IRQHandler
                0x000000000800100c                TIM7_IRQHandler
                0x000000000800100c                SDMMC1_IRQHandler
                0x000000000800100c                TIM5_IRQHandler
                0x000000000800100c                I2C3_EV_IRQHandler
                0x000000000800100c                EXTI9_5_IRQHandler
                0x000000000800100c                RTC_WKUP_IRQHandler
                0x000000000800100c                LTDC_IRQHandler
                0x000000000800100c                PVD_PVM_IRQHandler
                0x000000000800100c                SPI2_IRQHandler
                0x000000000800100c                CAN1_TX_IRQHandler
                0x000000000800100c                DMA2_Channel5_IRQHandler
                0x000000000800100c                DMA1_Channel5_IRQHandler
                0x000000000800100c                EXTI4_IRQHandler
                0x000000000800100c                RNG_IRQHandler
                0x000000000800100c                TIM1_TRG_COM_TIM17_IRQHandler
                0x000000000800100c                DMA1_Channel3_IRQHandler
                0x000000000800100c                COMP_IRQHandler
                0x000000000800100c                HASH_CRS_IRQHandler
                0x000000000800100c                WWDG_IRQHandler
                0x000000000800100c                I2C4_EV_IRQHandler
                0x000000000800100c                LPUART1_IRQHandler
                0x000000000800100c                DMA2_Channel6_IRQHandler
                0x000000000800100c                DMA2D_IRQHandler
                0x000000000800100c                EXTI1_IRQHandler
                0x000000000800100c                AES_IRQHandler
                0x000000000800100c                USART2_IRQHandler
                0x000000000800100c                DFSDM1_FLT0_IRQHandler
                0x000000000800100c                I2C2_ER_IRQHandler
                0x000000000800100c                DMA1_Channel2_IRQHandler
                0x000000000800100c                TIM8_BRK_IRQHandler
                0x000000000800100c                CAN1_SCE_IRQHandler
                0x000000000800100c                FLASH_IRQHandler
                0x000000000800100c                USART1_IRQHandler
                0x000000000800100c                OTG_FS_IRQHandler
                0x000000000800100c                SPI3_IRQHandler
                0x000000000800100c                I2C1_ER_IRQHandler
                0x000000000800100c                FMC_IRQHandler
                0x000000000800100c                LPTIM1_IRQHandler
                0x000000000800100c                I2C4_ER_IRQHandler
                0x000000000800100c                SAI1_IRQHandler
                0x000000000800100c                DMA2_Channel3_IRQHandler
                0x000000000800100c                RTC_Alarm_IRQHandler
 .text.HAL_Init
                0x000000000800100e       0x30 ./Drivers/STM32L4xx_HAL_Driver/Src/stm32l4xx_hal.o
                0x000000000800100e                HAL_Init
 *fill*         0x000000000800103e        0x2 
 .text.HAL_InitTick
                0x0000000008001040       0x78 ./Drivers/STM32L4xx_HAL_Driver/Src/stm32l4xx_hal.o
                0x0000000008001040                HAL_InitTick
 .text.HAL_IncTick
                0x00000000080010b8       0x28 ./Drivers/STM32L4xx_HAL_Driver/Src/stm32l4xx_hal.o
                0x00000000080010b8                HAL_IncTick
 .text.HAL_GetTick
                0x00000000080010e0       0x18 ./Drivers/STM32L4xx_HAL_Driver/Src/stm32l4xx_hal.o
                0x00000000080010e0                HAL_GetTick
 .text.HAL_Delay
                0x00000000080010f8       0x48 ./Drivers/STM32L4xx_HAL_Driver/Src/stm32l4xx_hal.o
                0x00000000080010f8                HAL_Delay
 .text.__NVIC_SetPriorityGrouping
                0x0000000008001140       0x48 ./Drivers/STM32L4xx_HAL_Driver/Src/stm32l4xx_hal_cortex.o
 .text.__NVIC_GetPriorityGrouping
                0x0000000008001188       0x1c ./Drivers/STM32L4xx_HAL_Driver/Src/stm32l4xx_hal_cortex.o
 .text.__NVIC_EnableIRQ
                0x00000000080011a4       0x3c ./Drivers/STM32L4xx_HAL_Driver/Src/stm32l4xx_hal_cortex.o
 .text.__NVIC_SetPriority
                0x00000000080011e0       0x54 ./Drivers/STM32L4xx_HAL_Driver/Src/stm32l4xx_hal_cortex.o
 .text.NVIC_EncodePriority
                0x0000000008001234       0x66 ./Drivers/STM32L4xx_HAL_Driver/Src/stm32l4xx_hal_cortex.o
 *fill*         0x000000000800129a        0x2 
 .text.SysTick_Config
                0x000000000800129c       0x44 ./Drivers/STM32L4xx_HAL_Driver/Src/stm32l4xx_hal_cortex.o
 .text.HAL_NVIC_SetPriorityGrouping
                0x00000000080012e0       0x16 ./Drivers/STM32L4xx_HAL_Driver/Src/stm32l4xx_hal_cortex.o
                0x00000000080012e0                HAL_NVIC_SetPriorityGrouping
 .text.HAL_NVIC_SetPriority
                0x00000000080012f6       0x38 ./Drivers/STM32L4xx_HAL_Driver/Src/stm32l4xx_hal_cortex.o
                0x00000000080012f6                HAL_NVIC_SetPriority
 .text.HAL_NVIC_EnableIRQ
                0x000000000800132e       0x1c ./Drivers/STM32L4xx_HAL_Driver/Src/stm32l4xx_hal_cortex.o
                0x000000000800132e                HAL_NVIC_EnableIRQ
 .text.HAL_SYSTICK_Config
                0x000000000800134a       0x18 ./Drivers/STM32L4xx_HAL_Driver/Src/stm32l4xx_hal_cortex.o
                0x000000000800134a                HAL_SYSTICK_Config
 .text.HAL_DAC_Init
                0x0000000008001362       0x44 ./Drivers/STM32L4xx_HAL_Driver/Src/stm32l4xx_hal_dac.o
                0x0000000008001362                HAL_DAC_Init
 .text.HAL_DAC_Start
                0x00000000080013a6       0xa4 ./Drivers/STM32L4xx_HAL_Driver/Src/stm32l4xx_hal_dac.o
                0x00000000080013a6                HAL_DAC_Start
 .text.HAL_DAC_Stop
                0x000000000800144a       0x3a ./Drivers/STM32L4xx_HAL_Driver/Src/stm32l4xx_hal_dac.o
                0x000000000800144a                HAL_DAC_Stop
 .text.HAL_DAC_Start_DMA
                0x0000000008001484      0x198 ./Drivers/STM32L4xx_HAL_Driver/Src/stm32l4xx_hal_dac.o
                0x0000000008001484                HAL_DAC_Start_DMA
 .text.HAL_DAC_SetValue
                0x000000000800161c       0x4a ./Drivers/STM32L4xx_HAL_Driver/Src/stm32l4xx_hal_dac.o
                0x000000000800161c                HAL_DAC_SetValue
 .text.HAL_DAC_ConvCpltCallbackCh1
                0x0000000008001666       0x14 ./Drivers/STM32L4xx_HAL_Driver/Src/stm32l4xx_hal_dac.o
                0x0000000008001666                HAL_DAC_ConvCpltCallbackCh1
 .text.HAL_DAC_ConvHalfCpltCallbackCh1
                0x000000000800167a       0x14 ./Drivers/STM32L4xx_HAL_Driver/Src/stm32l4xx_hal_dac.o
                0x000000000800167a                HAL_DAC_ConvHalfCpltCallbackCh1
 .text.HAL_DAC_ErrorCallbackCh1
                0x000000000800168e       0x14 ./Drivers/STM32L4xx_HAL_Driver/Src/stm32l4xx_hal_dac.o
                0x000000000800168e                HAL_DAC_ErrorCallbackCh1
 *fill*         0x00000000080016a2        0x2 
 .text.HAL_DAC_ConfigChannel
                0x00000000080016a4      0x280 ./Drivers/STM32L4xx_HAL_Driver/Src/stm32l4xx_hal_dac.o
                0x00000000080016a4                HAL_DAC_ConfigChannel
 .text.DAC_DMAConvCpltCh1
                0x0000000008001924       0x22 ./Drivers/STM32L4xx_HAL_Driver/Src/stm32l4xx_hal_dac.o
                0x0000000008001924                DAC_DMAConvCpltCh1
 .text.DAC_DMAHalfConvCpltCh1
                0x0000000008001946       0x1c ./Drivers/STM32L4xx_HAL_Driver/Src/stm32l4xx_hal_dac.o
                0x0000000008001946                DAC_DMAHalfConvCpltCh1
 .text.DAC_DMAErrorCh1
                0x0000000008001962       0x2e ./Drivers/STM32L4xx_HAL_Driver/Src/stm32l4xx_hal_dac.o
                0x0000000008001962                DAC_DMAErrorCh1
 .text.HAL_DACEx_ConvCpltCallbackCh2
                0x0000000008001990       0x14 ./Drivers/STM32L4xx_HAL_Driver/Src/stm32l4xx_hal_dac_ex.o
                0x0000000008001990                HAL_DACEx_ConvCpltCallbackCh2
 .text.HAL_DACEx_ConvHalfCpltCallbackCh2
                0x00000000080019a4       0x14 ./Drivers/STM32L4xx_HAL_Driver/Src/stm32l4xx_hal_dac_ex.o
                0x00000000080019a4                HAL_DACEx_ConvHalfCpltCallbackCh2
 .text.HAL_DACEx_ErrorCallbackCh2
                0x00000000080019b8       0x14 ./Drivers/STM32L4xx_HAL_Driver/Src/stm32l4xx_hal_dac_ex.o
                0x00000000080019b8                HAL_DACEx_ErrorCallbackCh2
 .text.DAC_DMAConvCpltCh2
                0x00000000080019cc       0x22 ./Drivers/STM32L4xx_HAL_Driver/Src/stm32l4xx_hal_dac_ex.o
                0x00000000080019cc                DAC_DMAConvCpltCh2
 .text.DAC_DMAHalfConvCpltCh2
                0x00000000080019ee       0x1c ./Drivers/STM32L4xx_HAL_Driver/Src/stm32l4xx_hal_dac_ex.o
                0x00000000080019ee                DAC_DMAHalfConvCpltCh2
 .text.DAC_DMAErrorCh2
                0x0000000008001a0a       0x2e ./Drivers/STM32L4xx_HAL_Driver/Src/stm32l4xx_hal_dac_ex.o
                0x0000000008001a0a                DAC_DMAErrorCh2
 .text.HAL_DMA_Init
                0x0000000008001a38      0x150 ./Drivers/STM32L4xx_HAL_Driver/Src/stm32l4xx_hal_dma.o
                0x0000000008001a38                HAL_DMA_Init
 .text.HAL_DMA_Start_IT
                0x0000000008001b88       0xf6 ./Drivers/STM32L4xx_HAL_Driver/Src/stm32l4xx_hal_dma.o
                0x0000000008001b88                HAL_DMA_Start_IT
 .text.HAL_DMA_IRQHandler
                0x0000000008001c7e      0x15e ./Drivers/STM32L4xx_HAL_Driver/Src/stm32l4xx_hal_dma.o
                0x0000000008001c7e                HAL_DMA_IRQHandler
 .text.DMA_SetConfig
                0x0000000008001ddc       0x7c ./Drivers/STM32L4xx_HAL_Driver/Src/stm32l4xx_hal_dma.o
 .text.DMA_CalcDMAMUXChannelBaseAndMask
                0x0000000008001e58       0x7c ./Drivers/STM32L4xx_HAL_Driver/Src/stm32l4xx_hal_dma.o
 .text.DMA_CalcDMAMUXRequestGenBaseAndMask
                0x0000000008001ed4       0x48 ./Drivers/STM32L4xx_HAL_Driver/Src/stm32l4xx_hal_dma.o
 .text.HAL_GPIO_Init
                0x0000000008001f1c      0x324 ./Drivers/STM32L4xx_HAL_Driver/Src/stm32l4xx_hal_gpio.o
                0x0000000008001f1c                HAL_GPIO_Init
 .text.HAL_GPIO_WritePin
                0x0000000008002240       0x30 ./Drivers/STM32L4xx_HAL_Driver/Src/stm32l4xx_hal_gpio.o
                0x0000000008002240                HAL_GPIO_WritePin
 .text.HAL_GPIO_TogglePin
                0x0000000008002270       0x34 ./Drivers/STM32L4xx_HAL_Driver/Src/stm32l4xx_hal_gpio.o
                0x0000000008002270                HAL_GPIO_TogglePin
 .text.HAL_GPIO_EXTI_IRQHandler
                0x00000000080022a4       0x30 ./Drivers/STM32L4xx_HAL_Driver/Src/stm32l4xx_hal_gpio.o
                0x00000000080022a4                HAL_GPIO_EXTI_IRQHandler
 .text.HAL_PWREx_GetVoltageRange
                0x00000000080022d4       0x40 ./Drivers/STM32L4xx_HAL_Driver/Src/stm32l4xx_hal_pwr_ex.o
                0x00000000080022d4                HAL_PWREx_GetVoltageRange
 .text.HAL_PWREx_ControlVoltageScaling
                0x0000000008002314      0x148 ./Drivers/STM32L4xx_HAL_Driver/Src/stm32l4xx_hal_pwr_ex.o
                0x0000000008002314                HAL_PWREx_ControlVoltageScaling
 .text.HAL_RCC_OscConfig
                0x000000000800245c      0x84c ./Drivers/STM32L4xx_HAL_Driver/Src/stm32l4xx_hal_rcc.o
                0x000000000800245c                HAL_RCC_OscConfig
 .text.HAL_RCC_ClockConfig
                0x0000000008002ca8      0x258 ./Drivers/STM32L4xx_HAL_Driver/Src/stm32l4xx_hal_rcc.o
                0x0000000008002ca8                HAL_RCC_ClockConfig
 .text.HAL_RCC_GetSysClockFreq
                0x0000000008002f00      0x118 ./Drivers/STM32L4xx_HAL_Driver/Src/stm32l4xx_hal_rcc.o
                0x0000000008002f00                HAL_RCC_GetSysClockFreq
 .text.HAL_RCC_GetHCLKFreq
                0x0000000008003018       0x18 ./Drivers/STM32L4xx_HAL_Driver/Src/stm32l4xx_hal_rcc.o
                0x0000000008003018                HAL_RCC_GetHCLKFreq
 .text.RCC_SetFlashLatencyFromMSIRange
                0x0000000008003030       0xb4 ./Drivers/STM32L4xx_HAL_Driver/Src/stm32l4xx_hal_rcc.o
 .text.RCC_GetSysClockFreqFromPLLSource
                0x00000000080030e4       0xd0 ./Drivers/STM32L4xx_HAL_Driver/Src/stm32l4xx_hal_rcc.o
 .text.HAL_TIM_Base_Init
                0x00000000080031b4       0xae ./Drivers/STM32L4xx_HAL_Driver/Src/stm32l4xx_hal_tim.o
                0x00000000080031b4                HAL_TIM_Base_Init
 *fill*         0x0000000008003262        0x2 
 .text.HAL_TIM_Base_Start
                0x0000000008003264       0xd0 ./Drivers/STM32L4xx_HAL_Driver/Src/stm32l4xx_hal_tim.o
                0x0000000008003264                HAL_TIM_Base_Start
 .text.HAL_TIM_Base_Start_IT
                0x0000000008003334       0xe0 ./Drivers/STM32L4xx_HAL_Driver/Src/stm32l4xx_hal_tim.o
                0x0000000008003334                HAL_TIM_Base_Start_IT
 .text.HAL_TIM_IRQHandler
                0x0000000008003414      0x23e ./Drivers/STM32L4xx_HAL_Driver/Src/stm32l4xx_hal_tim.o
                0x0000000008003414                HAL_TIM_IRQHandler
 .text.HAL_TIM_ConfigClockSource
                0x0000000008003652      0x192 ./Drivers/STM32L4xx_HAL_Driver/Src/stm32l4xx_hal_tim.o
                0x0000000008003652                HAL_TIM_ConfigClockSource
 .text.HAL_TIM_OC_DelayElapsedCallback
                0x00000000080037e4       0x14 ./Drivers/STM32L4xx_HAL_Driver/Src/stm32l4xx_hal_tim.o
                0x00000000080037e4                HAL_TIM_OC_DelayElapsedCallback
 .text.HAL_TIM_IC_CaptureCallback
                0x00000000080037f8       0x14 ./Drivers/STM32L4xx_HAL_Driver/Src/stm32l4xx_hal_tim.o
                0x00000000080037f8                HAL_TIM_IC_CaptureCallback
 .text.HAL_TIM_PWM_PulseFinishedCallback
                0x000000000800380c       0x14 ./Drivers/STM32L4xx_HAL_Driver/Src/stm32l4xx_hal_tim.o
                0x000000000800380c                HAL_TIM_PWM_PulseFinishedCallback
 .text.HAL_TIM_TriggerCallback
                0x0000000008003820       0x14 ./Drivers/STM32L4xx_HAL_Driver/Src/stm32l4xx_hal_tim.o
                0x0000000008003820                HAL_TIM_TriggerCallback
 .text.TIM_Base_SetConfig
                0x0000000008003834      0x134 ./Drivers/STM32L4xx_HAL_Driver/Src/stm32l4xx_hal_tim.o
                0x0000000008003834                TIM_Base_SetConfig
 .text.TIM_TI1_ConfigInputStage
                0x0000000008003968       0x5e ./Drivers/STM32L4xx_HAL_Driver/Src/stm32l4xx_hal_tim.o
 .text.TIM_TI2_ConfigInputStage
                0x00000000080039c6       0x60 ./Drivers/STM32L4xx_HAL_Driver/Src/stm32l4xx_hal_tim.o
 .text.TIM_ITRx_SetConfig
                0x0000000008003a26       0x36 ./Drivers/STM32L4xx_HAL_Driver/Src/stm32l4xx_hal_tim.o
 .text.TIM_ETR_SetConfig
                0x0000000008003a5c       0x40 ./Drivers/STM32L4xx_HAL_Driver/Src/stm32l4xx_hal_tim.o
                0x0000000008003a5c                TIM_ETR_SetConfig
 .text.HAL_TIMEx_MasterConfigSynchronization
                0x0000000008003a9c      0x110 ./Drivers/STM32L4xx_HAL_Driver/Src/stm32l4xx_hal_tim_ex.o
                0x0000000008003a9c                HAL_TIMEx_MasterConfigSynchronization
 .text.HAL_TIMEx_CommutCallback
                0x0000000008003bac       0x14 ./Drivers/STM32L4xx_HAL_Driver/Src/stm32l4xx_hal_tim_ex.o
                0x0000000008003bac                HAL_TIMEx_CommutCallback
 .text.HAL_TIMEx_BreakCallback
                0x0000000008003bc0       0x14 ./Drivers/STM32L4xx_HAL_Driver/Src/stm32l4xx_hal_tim_ex.o
                0x0000000008003bc0                HAL_TIMEx_BreakCallback
 .text.HAL_TIMEx_Break2Callback
                0x0000000008003bd4       0x14 ./Drivers/STM32L4xx_HAL_Driver/Src/stm32l4xx_hal_tim_ex.o
                0x0000000008003bd4                HAL_TIMEx_Break2Callback
 .text.arm_sin_f32
                0x0000000008003be8       0x8c /Users/bowencui/Documents/444lab/ecse444_w2022_group18/lab3/lib/libarm_cortexM4lf_math.a(arm_sin_f32.o)
                0x0000000008003be8                arm_sin_f32
 .text.__libc_init_array
                0x0000000008003c74       0x48 /Applications/STM32CubeIDE.app/Contents/Eclipse/plugins/com.st.stm32cube.ide.mcu.externaltools.gnu-tools-for-stm32.9-2020-q2-update.macos64_2.0.0.202105311346/tools/bin/../lib/gcc/arm-none-eabi/9.3.1/../../../../arm-none-eabi/lib/thumb/v7e-m+fp/hard/libc_nano.a(lib_a-init.o)
                0x0000000008003c74                __libc_init_array
 .text.memset   0x0000000008003cbc       0x10 /Applications/STM32CubeIDE.app/Contents/Eclipse/plugins/com.st.stm32cube.ide.mcu.externaltools.gnu-tools-for-stm32.9-2020-q2-update.macos64_2.0.0.202105311346/tools/bin/../lib/gcc/arm-none-eabi/9.3.1/../../../../arm-none-eabi/lib/thumb/v7e-m+fp/hard/libc_nano.a(lib_a-memset.o)
                0x0000000008003cbc                memset
 .text.round    0x0000000008003ccc       0x8c /Applications/STM32CubeIDE.app/Contents/Eclipse/plugins/com.st.stm32cube.ide.mcu.externaltools.gnu-tools-for-stm32.9-2020-q2-update.macos64_2.0.0.202105311346/tools/bin/../lib/gcc/arm-none-eabi/9.3.1/../../../../arm-none-eabi/lib/thumb/v7e-m+fp/hard/libm.a(lib_a-s_round.o)
                0x0000000008003ccc                round
 *(.glue_7)
 .glue_7        0x0000000008003d58        0x0 linker stubs
 *(.glue_7t)
 .glue_7t       0x0000000008003d58        0x0 linker stubs
 *(.eh_frame)
 .eh_frame      0x0000000008003d58        0x0 /Applications/STM32CubeIDE.app/Contents/Eclipse/plugins/com.st.stm32cube.ide.mcu.externaltools.gnu-tools-for-stm32.9-2020-q2-update.macos64_2.0.0.202105311346/tools/bin/../lib/gcc/arm-none-eabi/9.3.1/thumb/v7e-m+fp/hard/crtbegin.o
 *(.init)
 .init          0x0000000008003d58        0x4 /Applications/STM32CubeIDE.app/Contents/Eclipse/plugins/com.st.stm32cube.ide.mcu.externaltools.gnu-tools-for-stm32.9-2020-q2-update.macos64_2.0.0.202105311346/tools/bin/../lib/gcc/arm-none-eabi/9.3.1/thumb/v7e-m+fp/hard/crti.o
                0x0000000008003d58                _init
 .init          0x0000000008003d5c        0x8 /Applications/STM32CubeIDE.app/Contents/Eclipse/plugins/com.st.stm32cube.ide.mcu.externaltools.gnu-tools-for-stm32.9-2020-q2-update.macos64_2.0.0.202105311346/tools/bin/../lib/gcc/arm-none-eabi/9.3.1/thumb/v7e-m+fp/hard/crtn.o
 *(.fini)
 .fini          0x0000000008003d64        0x4 /Applications/STM32CubeIDE.app/Contents/Eclipse/plugins/com.st.stm32cube.ide.mcu.externaltools.gnu-tools-for-stm32.9-2020-q2-update.macos64_2.0.0.202105311346/tools/bin/../lib/gcc/arm-none-eabi/9.3.1/thumb/v7e-m+fp/hard/crti.o
                0x0000000008003d64                _fini
 .fini          0x0000000008003d68        0x8 /Applications/STM32CubeIDE.app/Contents/Eclipse/plugins/com.st.stm32cube.ide.mcu.externaltools.gnu-tools-for-stm32.9-2020-q2-update.macos64_2.0.0.202105311346/tools/bin/../lib/gcc/arm-none-eabi/9.3.1/thumb/v7e-m+fp/hard/crtn.o
                0x0000000008003d70                . = ALIGN (0x4)
                0x0000000008003d70                _etext = .

.vfp11_veneer   0x0000000008003d70        0x0
 .vfp11_veneer  0x0000000008003d70        0x0 linker stubs

.v4_bx          0x0000000008003d70        0x0
 .v4_bx         0x0000000008003d70        0x0 linker stubs

.iplt           0x0000000008003d70        0x0
 .iplt          0x0000000008003d70        0x0 /Applications/STM32CubeIDE.app/Contents/Eclipse/plugins/com.st.stm32cube.ide.mcu.externaltools.gnu-tools-for-stm32.9-2020-q2-update.macos64_2.0.0.202105311346/tools/bin/../lib/gcc/arm-none-eabi/9.3.1/thumb/v7e-m+fp/hard/crtbegin.o

.rodata         0x0000000008003d70      0x844
                0x0000000008003d70                . = ALIGN (0x4)
 *(.rodata)
 *(.rodata*)
 .rodata.AHBPrescTable
                0x0000000008003d70       0x10 ./Core/Src/system_stm32l4xx.o
                0x0000000008003d70                AHBPrescTable
 .rodata.MSIRangeTable
                0x0000000008003d80       0x30 ./Core/Src/system_stm32l4xx.o
                0x0000000008003d80                MSIRangeTable
 .rodata.sinTable_f32
                0x0000000008003db0      0x804 /Users/bowencui/Documents/444lab/ecse444_w2022_group18/lab3/lib/libarm_cortexM4lf_math.a(arm_common_tables.o)
                0x0000000008003db0                sinTable_f32
                0x00000000080045b4                . = ALIGN (0x4)

.rel.dyn        0x00000000080045b4        0x0
 .rel.iplt      0x00000000080045b4        0x0 /Applications/STM32CubeIDE.app/Contents/Eclipse/plugins/com.st.stm32cube.ide.mcu.externaltools.gnu-tools-for-stm32.9-2020-q2-update.macos64_2.0.0.202105311346/tools/bin/../lib/gcc/arm-none-eabi/9.3.1/thumb/v7e-m+fp/hard/crtbegin.o

.ARM.extab      0x00000000080045b4        0x0
                0x00000000080045b4                . = ALIGN (0x4)
 *(.ARM.extab* .gnu.linkonce.armextab.*)
                0x00000000080045b4                . = ALIGN (0x4)

.ARM            0x00000000080045b4        0x0
                0x00000000080045b4                . = ALIGN (0x4)
                0x00000000080045b4                __exidx_start = .
 *(.ARM.exidx*)
                0x00000000080045b4                __exidx_end = .
                0x00000000080045b4                . = ALIGN (0x4)

.preinit_array  0x00000000080045b4        0x0
                0x00000000080045b4                . = ALIGN (0x4)
                0x00000000080045b4                PROVIDE (__preinit_array_start = .)
 *(.preinit_array*)
                0x00000000080045b4                PROVIDE (__preinit_array_end = .)
                0x00000000080045b4                . = ALIGN (0x4)

.init_array     0x00000000080045b4        0x4
                0x00000000080045b4                . = ALIGN (0x4)
                0x00000000080045b4                PROVIDE (__init_array_start = .)
 *(SORT_BY_NAME(.init_array.*))
 *(.init_array*)
 .init_array    0x00000000080045b4        0x4 /Applications/STM32CubeIDE.app/Contents/Eclipse/plugins/com.st.stm32cube.ide.mcu.externaltools.gnu-tools-for-stm32.9-2020-q2-update.macos64_2.0.0.202105311346/tools/bin/../lib/gcc/arm-none-eabi/9.3.1/thumb/v7e-m+fp/hard/crtbegin.o
                0x00000000080045b8                PROVIDE (__init_array_end = .)
                0x00000000080045b8                . = ALIGN (0x4)

.fini_array     0x00000000080045b8        0x4
                0x00000000080045b8                . = ALIGN (0x4)
                [!provide]                        PROVIDE (__fini_array_start = .)
 *(SORT_BY_NAME(.fini_array.*))
 *(.fini_array*)
 .fini_array    0x00000000080045b8        0x4 /Applications/STM32CubeIDE.app/Contents/Eclipse/plugins/com.st.stm32cube.ide.mcu.externaltools.gnu-tools-for-stm32.9-2020-q2-update.macos64_2.0.0.202105311346/tools/bin/../lib/gcc/arm-none-eabi/9.3.1/thumb/v7e-m+fp/hard/crtbegin.o
                [!provide]                        PROVIDE (__fini_array_end = .)
                0x00000000080045bc                . = ALIGN (0x4)
                0x00000000080045bc                _sidata = LOADADDR (.data)

.data           0x0000000020000000        0xc load address 0x00000000080045bc
                0x0000000020000000                . = ALIGN (0x4)
                0x0000000020000000                _sdata = .
 *(.data)
 *(.data*)
 .data.SystemCoreClock
                0x0000000020000000        0x4 ./Core/Src/system_stm32l4xx.o
                0x0000000020000000                SystemCoreClock
 .data.uwTickPrio
                0x0000000020000004        0x4 ./Drivers/STM32L4xx_HAL_Driver/Src/stm32l4xx_hal.o
                0x0000000020000004                uwTickPrio
 .data.uwTickFreq
                0x0000000020000008        0x1 ./Drivers/STM32L4xx_HAL_Driver/Src/stm32l4xx_hal.o
                0x0000000020000008                uwTickFreq
 *(.RamFunc)
 *(.RamFunc*)
                0x000000002000000c                . = ALIGN (0x4)
 *fill*         0x0000000020000009        0x3 
                0x000000002000000c                _edata = .

.igot.plt       0x000000002000000c        0x0 load address 0x00000000080045c8
 .igot.plt      0x000000002000000c        0x0 /Applications/STM32CubeIDE.app/Contents/Eclipse/plugins/com.st.stm32cube.ide.mcu.externaltools.gnu-tools-for-stm32.9-2020-q2-update.macos64_2.0.0.202105311346/tools/bin/../lib/gcc/arm-none-eabi/9.3.1/thumb/v7e-m+fp/hard/crtbegin.o
                0x000000002000000c                . = ALIGN (0x4)

.bss            0x000000002000000c    0x2eee8 load address 0x00000000080045c8
                0x000000002000000c                _sbss = .
                0x000000002000000c                __bss_start__ = _sbss
 *(.bss)
 .bss           0x000000002000000c       0x1c /Applications/STM32CubeIDE.app/Contents/Eclipse/plugins/com.st.stm32cube.ide.mcu.externaltools.gnu-tools-for-stm32.9-2020-q2-update.macos64_2.0.0.202105311346/tools/bin/../lib/gcc/arm-none-eabi/9.3.1/thumb/v7e-m+fp/hard/crtbegin.o
 *(.bss*)
 .bss.counter   0x0000000020000028        0x2 ./Core/Src/main.o
                0x0000000020000028                counter
 *(COMMON)
 *fill*         0x000000002000002a        0x2 
 COMMON         0x000000002000002c    0x2eec4 ./Core/Src/main.o
                0x000000002000002c                hdac1
                0x0000000020000040                sine_array
                0x000000002002ee40                hdma_dac1_ch1
                0x000000002002eea0                cur_value
                0x000000002002eea4                htim2
 COMMON         0x000000002002eef0        0x4 ./Drivers/STM32L4xx_HAL_Driver/Src/stm32l4xx_hal.o
                0x000000002002eef0                uwTick
                0x000000002002eef4                . = ALIGN (0x4)
                0x000000002002eef4                _ebss = .
                0x000000002002eef4                __bss_end__ = _ebss

._user_heap_stack
                0x000000002002eef4      0x604 load address 0x00000000080045c8
                0x000000002002eef8                . = ALIGN (0x8)
 *fill*         0x000000002002eef4        0x4 
                [!provide]                        PROVIDE (end = .)
                0x000000002002eef8                PROVIDE (_end = .)
                0x000000002002f0f8                . = (. + _Min_Heap_Size)
 *fill*         0x000000002002eef8      0x200 
                0x000000002002f4f8                . = (. + _Min_Stack_Size)
 *fill*         0x000000002002f0f8      0x400 
                0x000000002002f4f8                . = ALIGN (0x8)

/DISCARD/
 libc.a(*)
 libm.a(*)
 libgcc.a(*)

.ARM.attributes
                0x0000000000000000       0x30
 *(.ARM.attributes)
 .ARM.attributes
                0x0000000000000000       0x1e /Applications/STM32CubeIDE.app/Contents/Eclipse/plugins/com.st.stm32cube.ide.mcu.externaltools.gnu-tools-for-stm32.9-2020-q2-update.macos64_2.0.0.202105311346/tools/bin/../lib/gcc/arm-none-eabi/9.3.1/thumb/v7e-m+fp/hard/crti.o
 .ARM.attributes
                0x000000000000001e       0x34 /Applications/STM32CubeIDE.app/Contents/Eclipse/plugins/com.st.stm32cube.ide.mcu.externaltools.gnu-tools-for-stm32.9-2020-q2-update.macos64_2.0.0.202105311346/tools/bin/../lib/gcc/arm-none-eabi/9.3.1/thumb/v7e-m+fp/hard/crtbegin.o
 .ARM.attributes
                0x0000000000000052       0x34 ./Core/Src/main.o
 .ARM.attributes
                0x0000000000000086       0x34 ./Core/Src/stm32l4xx_hal_msp.o
 .ARM.attributes
                0x00000000000000ba       0x34 ./Core/Src/stm32l4xx_it.o
 .ARM.attributes
                0x00000000000000ee       0x34 ./Core/Src/system_stm32l4xx.o
 .ARM.attributes
                0x0000000000000122       0x21 ./Core/Startup/startup_stm32l4s5vitx.o
 .ARM.attributes
                0x0000000000000143       0x34 ./Drivers/STM32L4xx_HAL_Driver/Src/stm32l4xx_hal.o
 .ARM.attributes
                0x0000000000000177       0x34 ./Drivers/STM32L4xx_HAL_Driver/Src/stm32l4xx_hal_cortex.o
 .ARM.attributes
                0x00000000000001ab       0x34 ./Drivers/STM32L4xx_HAL_Driver/Src/stm32l4xx_hal_dac.o
 .ARM.attributes
                0x00000000000001df       0x34 ./Drivers/STM32L4xx_HAL_Driver/Src/stm32l4xx_hal_dac_ex.o
 .ARM.attributes
                0x0000000000000213       0x34 ./Drivers/STM32L4xx_HAL_Driver/Src/stm32l4xx_hal_dma.o
 .ARM.attributes
                0x0000000000000247       0x34 ./Drivers/STM32L4xx_HAL_Driver/Src/stm32l4xx_hal_gpio.o
 .ARM.attributes
                0x000000000000027b       0x34 ./Drivers/STM32L4xx_HAL_Driver/Src/stm32l4xx_hal_pwr_ex.o
 .ARM.attributes
                0x00000000000002af       0x34 ./Drivers/STM32L4xx_HAL_Driver/Src/stm32l4xx_hal_rcc.o
 .ARM.attributes
                0x00000000000002e3       0x34 ./Drivers/STM32L4xx_HAL_Driver/Src/stm32l4xx_hal_tim.o
 .ARM.attributes
                0x0000000000000317       0x34 ./Drivers/STM32L4xx_HAL_Driver/Src/stm32l4xx_hal_tim_ex.o
 .ARM.attributes
                0x000000000000034b       0x34 /Users/bowencui/Documents/444lab/ecse444_w2022_group18/lab3/lib/libarm_cortexM4lf_math.a(arm_sin_f32.o)
 .ARM.attributes
                0x000000000000037f       0x39 /Users/bowencui/Documents/444lab/ecse444_w2022_group18/lab3/lib/libarm_cortexM4lf_math.a(arm_common_tables.o)
 .ARM.attributes
                0x00000000000003b8       0x34 /Applications/STM32CubeIDE.app/Contents/Eclipse/plugins/com.st.stm32cube.ide.mcu.externaltools.gnu-tools-for-stm32.9-2020-q2-update.macos64_2.0.0.202105311346/tools/bin/../lib/gcc/arm-none-eabi/9.3.1/../../../../arm-none-eabi/lib/thumb/v7e-m+fp/hard/libc_nano.a(lib_a-init.o)
 .ARM.attributes
                0x00000000000003ec       0x34 /Applications/STM32CubeIDE.app/Contents/Eclipse/plugins/com.st.stm32cube.ide.mcu.externaltools.gnu-tools-for-stm32.9-2020-q2-update.macos64_2.0.0.202105311346/tools/bin/../lib/gcc/arm-none-eabi/9.3.1/../../../../arm-none-eabi/lib/thumb/v7e-m+fp/hard/libc_nano.a(lib_a-memset.o)
 .ARM.attributes
                0x0000000000000420       0x34 /Applications/STM32CubeIDE.app/Contents/Eclipse/plugins/com.st.stm32cube.ide.mcu.externaltools.gnu-tools-for-stm32.9-2020-q2-update.macos64_2.0.0.202105311346/tools/bin/../lib/gcc/arm-none-eabi/9.3.1/../../../../arm-none-eabi/lib/thumb/v7e-m+fp/hard/libm.a(lib_a-s_round.o)
 .ARM.attributes
                0x0000000000000454       0x1e /Applications/STM32CubeIDE.app/Contents/Eclipse/plugins/com.st.stm32cube.ide.mcu.externaltools.gnu-tools-for-stm32.9-2020-q2-update.macos64_2.0.0.202105311346/tools/bin/../lib/gcc/arm-none-eabi/9.3.1/thumb/v7e-m+fp/hard/libgcc.a(_arm_muldf3.o)
 .ARM.attributes
                0x0000000000000472       0x1e /Applications/STM32CubeIDE.app/Contents/Eclipse/plugins/com.st.stm32cube.ide.mcu.externaltools.gnu-tools-for-stm32.9-2020-q2-update.macos64_2.0.0.202105311346/tools/bin/../lib/gcc/arm-none-eabi/9.3.1/thumb/v7e-m+fp/hard/libgcc.a(_arm_addsubdf3.o)
 .ARM.attributes
                0x0000000000000490       0x1e /Applications/STM32CubeIDE.app/Contents/Eclipse/plugins/com.st.stm32cube.ide.mcu.externaltools.gnu-tools-for-stm32.9-2020-q2-update.macos64_2.0.0.202105311346/tools/bin/../lib/gcc/arm-none-eabi/9.3.1/thumb/v7e-m+fp/hard/libgcc.a(_arm_fixunsdfsi.o)
 .ARM.attributes
                0x00000000000004ae       0x1e /Applications/STM32CubeIDE.app/Contents/Eclipse/plugins/com.st.stm32cube.ide.mcu.externaltools.gnu-tools-for-stm32.9-2020-q2-update.macos64_2.0.0.202105311346/tools/bin/../lib/gcc/arm-none-eabi/9.3.1/thumb/v7e-m+fp/hard/crtn.o
OUTPUT(lab3.elf elf32-littlearm)
LOAD linker stubs
LOAD /Applications/STM32CubeIDE.app/Contents/Eclipse/plugins/com.st.stm32cube.ide.mcu.externaltools.gnu-tools-for-stm32.9-2020-q2-update.macos64_2.0.0.202105311346/tools/bin/../lib/gcc/arm-none-eabi/9.3.1/../../../../arm-none-eabi/lib/thumb/v7e-m+fp/hard/libc.a
LOAD /Applications/STM32CubeIDE.app/Contents/Eclipse/plugins/com.st.stm32cube.ide.mcu.externaltools.gnu-tools-for-stm32.9-2020-q2-update.macos64_2.0.0.202105311346/tools/bin/../lib/gcc/arm-none-eabi/9.3.1/../../../../arm-none-eabi/lib/thumb/v7e-m+fp/hard/libm.a
LOAD /Applications/STM32CubeIDE.app/Contents/Eclipse/plugins/com.st.stm32cube.ide.mcu.externaltools.gnu-tools-for-stm32.9-2020-q2-update.macos64_2.0.0.202105311346/tools/bin/../lib/gcc/arm-none-eabi/9.3.1/thumb/v7e-m+fp/hard/libgcc.a

.debug_info     0x0000000000000000    0x13a1f
 .debug_info    0x0000000000000000     0x2052 ./Core/Src/main.o
 .debug_info    0x0000000000002052     0x1bb5 ./Core/Src/stm32l4xx_hal_msp.o
 .debug_info    0x0000000000003c07     0x1395 ./Core/Src/stm32l4xx_it.o
 .debug_info    0x0000000000004f9c      0x7aa ./Core/Src/system_stm32l4xx.o
 .debug_info    0x0000000000005746       0x22 ./Core/Startup/startup_stm32l4s5vitx.o
 .debug_info    0x0000000000005768      0xd1d ./Drivers/STM32L4xx_HAL_Driver/Src/stm32l4xx_hal.o
 .debug_info    0x0000000000006485     0x104c ./Drivers/STM32L4xx_HAL_Driver/Src/stm32l4xx_hal_cortex.o
 .debug_info    0x00000000000074d1      0xdbc ./Drivers/STM32L4xx_HAL_Driver/Src/stm32l4xx_hal_dac.o
 .debug_info    0x000000000000828d      0xc9d ./Drivers/STM32L4xx_HAL_Driver/Src/stm32l4xx_hal_dac_ex.o
 .debug_info    0x0000000000008f2a      0xad7 ./Drivers/STM32L4xx_HAL_Driver/Src/stm32l4xx_hal_dma.o
 .debug_info    0x0000000000009a01      0xa96 ./Drivers/STM32L4xx_HAL_Driver/Src/stm32l4xx_hal_gpio.o
 .debug_info    0x000000000000a497      0xc6e ./Drivers/STM32L4xx_HAL_Driver/Src/stm32l4xx_hal_pwr_ex.o
 .debug_info    0x000000000000b105      0xf63 ./Drivers/STM32L4xx_HAL_Driver/Src/stm32l4xx_hal_rcc.o
 .debug_info    0x000000000000c068     0x2f64 ./Drivers/STM32L4xx_HAL_Driver/Src/stm32l4xx_hal_tim.o
 .debug_info    0x000000000000efcc     0x19bd ./Drivers/STM32L4xx_HAL_Driver/Src/stm32l4xx_hal_tim_ex.o
 .debug_info    0x0000000000010989     0x1612 /Users/bowencui/Documents/444lab/ecse444_w2022_group18/lab3/lib/libarm_cortexM4lf_math.a(arm_sin_f32.o)
 .debug_info    0x0000000000011f9b     0x1a84 /Users/bowencui/Documents/444lab/ecse444_w2022_group18/lab3/lib/libarm_cortexM4lf_math.a(arm_common_tables.o)

.debug_abbrev   0x0000000000000000     0x2410
 .debug_abbrev  0x0000000000000000      0x331 ./Core/Src/main.o
 .debug_abbrev  0x0000000000000331      0x249 ./Core/Src/stm32l4xx_hal_msp.o
 .debug_abbrev  0x000000000000057a      0x211 ./Core/Src/stm32l4xx_it.o
 .debug_abbrev  0x000000000000078b      0x165 ./Core/Src/system_stm32l4xx.o
 .debug_abbrev  0x00000000000008f0       0x12 ./Core/Startup/startup_stm32l4s5vitx.o
 .debug_abbrev  0x0000000000000902      0x227 ./Drivers/STM32L4xx_HAL_Driver/Src/stm32l4xx_hal.o
 .debug_abbrev  0x0000000000000b29      0x33c ./Drivers/STM32L4xx_HAL_Driver/Src/stm32l4xx_hal_cortex.o
 .debug_abbrev  0x0000000000000e65      0x1f2 ./Drivers/STM32L4xx_HAL_Driver/Src/stm32l4xx_hal_dac.o
 .debug_abbrev  0x0000000000001057      0x25f ./Drivers/STM32L4xx_HAL_Driver/Src/stm32l4xx_hal_dac_ex.o
 .debug_abbrev  0x00000000000012b6      0x201 ./Drivers/STM32L4xx_HAL_Driver/Src/stm32l4xx_hal_dma.o
 .debug_abbrev  0x00000000000014b7      0x1e8 ./Drivers/STM32L4xx_HAL_Driver/Src/stm32l4xx_hal_gpio.o
 .debug_abbrev  0x000000000000169f      0x1f3 ./Drivers/STM32L4xx_HAL_Driver/Src/stm32l4xx_hal_pwr_ex.o
 .debug_abbrev  0x0000000000001892      0x2b1 ./Drivers/STM32L4xx_HAL_Driver/Src/stm32l4xx_hal_rcc.o
 .debug_abbrev  0x0000000000001b43      0x25e ./Drivers/STM32L4xx_HAL_Driver/Src/stm32l4xx_hal_tim.o
 .debug_abbrev  0x0000000000001da1      0x266 ./Drivers/STM32L4xx_HAL_Driver/Src/stm32l4xx_hal_tim_ex.o
 .debug_abbrev  0x0000000000002007      0x22c /Users/bowencui/Documents/444lab/ecse444_w2022_group18/lab3/lib/libarm_cortexM4lf_math.a(arm_sin_f32.o)
 .debug_abbrev  0x0000000000002233      0x1dd /Users/bowencui/Documents/444lab/ecse444_w2022_group18/lab3/lib/libarm_cortexM4lf_math.a(arm_common_tables.o)

.debug_aranges  0x0000000000000000      0xd88
 .debug_aranges
                0x0000000000000000       0x68 ./Core/Src/main.o
 .debug_aranges
                0x0000000000000068       0x40 ./Core/Src/stm32l4xx_hal_msp.o
 .debug_aranges
                0x00000000000000a8       0x78 ./Core/Src/stm32l4xx_it.o
 .debug_aranges
                0x0000000000000120       0x28 ./Core/Src/system_stm32l4xx.o
 .debug_aranges
                0x0000000000000148       0x28 ./Core/Startup/startup_stm32l4s5vitx.o
 .debug_aranges
                0x0000000000000170      0x130 ./Drivers/STM32L4xx_HAL_Driver/Src/stm32l4xx_hal.o
 .debug_aranges
                0x00000000000002a0      0x118 ./Drivers/STM32L4xx_HAL_Driver/Src/stm32l4xx_hal_cortex.o
 .debug_aranges
                0x00000000000003b8       0xc0 ./Drivers/STM32L4xx_HAL_Driver/Src/stm32l4xx_hal_dac.o
 .debug_aranges
                0x0000000000000478       0x88 ./Drivers/STM32L4xx_HAL_Driver/Src/stm32l4xx_hal_dac_ex.o
 .debug_aranges
                0x0000000000000500       0x90 ./Drivers/STM32L4xx_HAL_Driver/Src/stm32l4xx_hal_dma.o
 .debug_aranges
                0x0000000000000590       0x58 ./Drivers/STM32L4xx_HAL_Driver/Src/stm32l4xx_hal_gpio.o
 .debug_aranges
                0x00000000000005e8      0x170 ./Drivers/STM32L4xx_HAL_Driver/Src/stm32l4xx_hal_pwr_ex.o
 .debug_aranges
                0x0000000000000758       0x98 ./Drivers/STM32L4xx_HAL_Driver/Src/stm32l4xx_hal_rcc.o
 .debug_aranges
                0x00000000000007f0      0x3e0 ./Drivers/STM32L4xx_HAL_Driver/Src/stm32l4xx_hal_tim.o
 .debug_aranges
                0x0000000000000bd0      0x180 ./Drivers/STM32L4xx_HAL_Driver/Src/stm32l4xx_hal_tim_ex.o
 .debug_aranges
                0x0000000000000d50       0x20 /Users/bowencui/Documents/444lab/ecse444_w2022_group18/lab3/lib/libarm_cortexM4lf_math.a(arm_sin_f32.o)
 .debug_aranges
                0x0000000000000d70       0x18 /Users/bowencui/Documents/444lab/ecse444_w2022_group18/lab3/lib/libarm_cortexM4lf_math.a(arm_common_tables.o)

.debug_ranges   0x0000000000000000      0xc78
 .debug_ranges  0x0000000000000000       0x58 ./Core/Src/main.o
 .debug_ranges  0x0000000000000058       0x30 ./Core/Src/stm32l4xx_hal_msp.o
 .debug_ranges  0x0000000000000088       0x68 ./Core/Src/stm32l4xx_it.o
 .debug_ranges  0x00000000000000f0       0x18 ./Core/Src/system_stm32l4xx.o
 .debug_ranges  0x0000000000000108       0x20 ./Core/Startup/startup_stm32l4s5vitx.o
 .debug_ranges  0x0000000000000128      0x120 ./Drivers/STM32L4xx_HAL_Driver/Src/stm32l4xx_hal.o
 .debug_ranges  0x0000000000000248      0x108 ./Drivers/STM32L4xx_HAL_Driver/Src/stm32l4xx_hal_cortex.o
 .debug_ranges  0x0000000000000350       0xb0 ./Drivers/STM32L4xx_HAL_Driver/Src/stm32l4xx_hal_dac.o
 .debug_ranges  0x0000000000000400       0x78 ./Drivers/STM32L4xx_HAL_Driver/Src/stm32l4xx_hal_dac_ex.o
 .debug_ranges  0x0000000000000478       0x80 ./Drivers/STM32L4xx_HAL_Driver/Src/stm32l4xx_hal_dma.o
 .debug_ranges  0x00000000000004f8       0x48 ./Drivers/STM32L4xx_HAL_Driver/Src/stm32l4xx_hal_gpio.o
 .debug_ranges  0x0000000000000540      0x160 ./Drivers/STM32L4xx_HAL_Driver/Src/stm32l4xx_hal_pwr_ex.o
 .debug_ranges  0x00000000000006a0       0x88 ./Drivers/STM32L4xx_HAL_Driver/Src/stm32l4xx_hal_rcc.o
 .debug_ranges  0x0000000000000728      0x3d0 ./Drivers/STM32L4xx_HAL_Driver/Src/stm32l4xx_hal_tim.o
 .debug_ranges  0x0000000000000af8      0x170 ./Drivers/STM32L4xx_HAL_Driver/Src/stm32l4xx_hal_tim_ex.o
 .debug_ranges  0x0000000000000c68       0x10 /Users/bowencui/Documents/444lab/ecse444_w2022_group18/lab3/lib/libarm_cortexM4lf_math.a(arm_sin_f32.o)

.debug_macro    0x0000000000000000    0x2ab62
 .debug_macro   0x0000000000000000      0x2fe ./Core/Src/main.o
 .debug_macro   0x00000000000002fe      0xaa8 ./Core/Src/main.o
 .debug_macro   0x0000000000000da6      0x1ad ./Core/Src/main.o
 .debug_macro   0x0000000000000f53       0x2e ./Core/Src/main.o
 .debug_macro   0x0000000000000f81       0x28 ./Core/Src/main.o
 .debug_macro   0x0000000000000fa9       0x22 ./Core/Src/main.o
 .debug_macro   0x0000000000000fcb       0x8e ./Core/Src/main.o
 .debug_macro   0x0000000000001059       0x51 ./Core/Src/main.o
 .debug_macro   0x00000000000010aa      0x103 ./Core/Src/main.o
 .debug_macro   0x00000000000011ad       0x6a ./Core/Src/main.o
 .debug_macro   0x0000000000001217      0x1df ./Core/Src/main.o
 .debug_macro   0x00000000000013f6       0x1c ./Core/Src/main.o
 .debug_macro   0x0000000000001412       0x22 ./Core/Src/main.o
 .debug_macro   0x0000000000001434      0x101 ./Core/Src/main.o
 .debug_macro   0x0000000000001535     0x1011 ./Core/Src/main.o
 .debug_macro   0x0000000000002546      0x11f ./Core/Src/main.o
 .debug_macro   0x0000000000002665    0x1d292 ./Core/Src/main.o
 .debug_macro   0x000000000001f8f7       0x6d ./Core/Src/main.o
 .debug_macro   0x000000000001f964     0x38e9 ./Core/Src/main.o
 .debug_macro   0x000000000002324d      0x174 ./Core/Src/main.o
 .debug_macro   0x00000000000233c1       0x5c ./Core/Src/main.o
 .debug_macro   0x000000000002341d     0x1910 ./Core/Src/main.o
 .debug_macro   0x0000000000024d2d      0x7dc ./Core/Src/main.o
 .debug_macro   0x0000000000025509      0x1b9 ./Core/Src/main.o
 .debug_macro   0x00000000000256c2      0x225 ./Core/Src/main.o
 .debug_macro   0x00000000000258e7      0x486 ./Core/Src/main.o
 .debug_macro   0x0000000000025d6d      0x1ce ./Core/Src/main.o
 .debug_macro   0x0000000000025f3b       0x43 ./Core/Src/main.o
 .debug_macro   0x0000000000025f7e      0x23d ./Core/Src/main.o
 .debug_macro   0x00000000000261bb      0x184 ./Core/Src/main.o
 .debug_macro   0x000000000002633f       0xdf ./Core/Src/main.o
 .debug_macro   0x000000000002641e      0x241 ./Core/Src/main.o
 .debug_macro   0x000000000002665f      0x416 ./Core/Src/main.o
 .debug_macro   0x0000000000026a75       0x1c ./Core/Src/main.o
 .debug_macro   0x0000000000026a91       0xf2 ./Core/Src/main.o
 .debug_macro   0x0000000000026b83      0x22c ./Core/Src/main.o
 .debug_macro   0x0000000000026daf       0x61 ./Core/Src/main.o
 .debug_macro   0x0000000000026e10       0xa5 ./Core/Src/main.o
 .debug_macro   0x0000000000026eb5      0x122 ./Core/Src/main.o
 .debug_macro   0x0000000000026fd7      0x3f6 ./Core/Src/main.o
 .debug_macro   0x00000000000273cd      0xa75 ./Core/Src/main.o
 .debug_macro   0x0000000000027e42      0x196 ./Core/Src/main.o
 .debug_macro   0x0000000000027fd8      0x432 ./Core/Src/main.o
 .debug_macro   0x000000000002840a       0x10 ./Core/Src/main.o
 .debug_macro   0x000000000002841a       0x52 ./Core/Src/main.o
 .debug_macro   0x000000000002846c       0x18 ./Core/Src/main.o
 .debug_macro   0x0000000000028484       0x3c ./Core/Src/main.o
 .debug_macro   0x00000000000284c0       0x34 ./Core/Src/main.o
 .debug_macro   0x00000000000284f4       0x16 ./Core/Src/main.o
 .debug_macro   0x000000000002850a       0x43 ./Core/Src/main.o
 .debug_macro   0x000000000002854d       0x34 ./Core/Src/main.o
 .debug_macro   0x0000000000028581       0x10 ./Core/Src/main.o
 .debug_macro   0x0000000000028591       0x58 ./Core/Src/main.o
 .debug_macro   0x00000000000285e9       0x71 ./Core/Src/main.o
 .debug_macro   0x000000000002865a       0x1c ./Core/Src/main.o
 .debug_macro   0x0000000000028676      0x12a ./Core/Src/main.o
 .debug_macro   0x00000000000287a0      0x333 ./Core/Src/main.o
 .debug_macro   0x0000000000028ad3       0x10 ./Core/Src/main.o
 .debug_macro   0x0000000000028ae3       0x35 ./Core/Src/main.o
 .debug_macro   0x0000000000028b18       0x20 ./Core/Src/main.o
 .debug_macro   0x0000000000028b38      0x1a9 ./Core/Src/main.o
 .debug_macro   0x0000000000028ce1      0x201 ./Core/Src/main.o
 .debug_macro   0x0000000000028ee2       0xc8 ./Core/Src/main.o
 .debug_macro   0x0000000000028faa      0x2f8 ./Core/Src/stm32l4xx_hal_msp.o
 .debug_macro   0x00000000000292a2      0x302 ./Core/Src/stm32l4xx_it.o
 .debug_macro   0x00000000000295a4      0x1e7 ./Core/Src/system_stm32l4xx.o
 .debug_macro   0x000000000002978b      0x235 ./Drivers/STM32L4xx_HAL_Driver/Src/stm32l4xx_hal.o
 .debug_macro   0x00000000000299c0      0x1e7 ./Drivers/STM32L4xx_HAL_Driver/Src/stm32l4xx_hal_cortex.o
 .debug_macro   0x0000000000029ba7      0x1f6 ./Drivers/STM32L4xx_HAL_Driver/Src/stm32l4xx_hal_dac.o
 .debug_macro   0x0000000000029d9d      0x1e7 ./Drivers/STM32L4xx_HAL_Driver/Src/stm32l4xx_hal_dac_ex.o
 .debug_macro   0x0000000000029f84      0x1e7 ./Drivers/STM32L4xx_HAL_Driver/Src/stm32l4xx_hal_dma.o
 .debug_macro   0x000000000002a16b      0x1ee ./Drivers/STM32L4xx_HAL_Driver/Src/stm32l4xx_hal_gpio.o
 .debug_macro   0x000000000002a359      0x211 ./Drivers/STM32L4xx_HAL_Driver/Src/stm32l4xx_hal_pwr_ex.o
 .debug_macro   0x000000000002a56a      0x229 ./Drivers/STM32L4xx_HAL_Driver/Src/stm32l4xx_hal_rcc.o
 .debug_macro   0x000000000002a793      0x1e8 ./Drivers/STM32L4xx_HAL_Driver/Src/stm32l4xx_hal_tim.o
 .debug_macro   0x000000000002a97b      0x1e7 ./Drivers/STM32L4xx_HAL_Driver/Src/stm32l4xx_hal_tim_ex.o

.debug_line     0x0000000000000000     0xec5b
 .debug_line    0x0000000000000000      0xb69 ./Core/Src/main.o
 .debug_line    0x0000000000000b69      0x978 ./Core/Src/stm32l4xx_hal_msp.o
 .debug_line    0x00000000000014e1      0x9da ./Core/Src/stm32l4xx_it.o
 .debug_line    0x0000000000001ebb      0x7d6 ./Core/Src/system_stm32l4xx.o
 .debug_line    0x0000000000002691       0x88 ./Core/Startup/startup_stm32l4s5vitx.o
 .debug_line    0x0000000000002719      0xb30 ./Drivers/STM32L4xx_HAL_Driver/Src/stm32l4xx_hal.o
 .debug_line    0x0000000000003249      0xcd7 ./Drivers/STM32L4xx_HAL_Driver/Src/stm32l4xx_hal_cortex.o
 .debug_line    0x0000000000003f20      0xc29 ./Drivers/STM32L4xx_HAL_Driver/Src/stm32l4xx_hal_dac.o
 .debug_line    0x0000000000004b49      0xa36 ./Drivers/STM32L4xx_HAL_Driver/Src/stm32l4xx_hal_dac_ex.o
 .debug_line    0x000000000000557f      0xe8c ./Drivers/STM32L4xx_HAL_Driver/Src/stm32l4xx_hal_dma.o
 .debug_line    0x000000000000640b      0xb8c ./Drivers/STM32L4xx_HAL_Driver/Src/stm32l4xx_hal_gpio.o
 .debug_line    0x0000000000006f97      0xd91 ./Drivers/STM32L4xx_HAL_Driver/Src/stm32l4xx_hal_pwr_ex.o
 .debug_line    0x0000000000007d28     0x108d ./Drivers/STM32L4xx_HAL_Driver/Src/stm32l4xx_hal_rcc.o
 .debug_line    0x0000000000008db5     0x3d6a ./Drivers/STM32L4xx_HAL_Driver/Src/stm32l4xx_hal_tim.o
 .debug_line    0x000000000000cb1f     0x1c29 ./Drivers/STM32L4xx_HAL_Driver/Src/stm32l4xx_hal_tim_ex.o
 .debug_line    0x000000000000e748      0x2d0 /Users/bowencui/Documents/444lab/ecse444_w2022_group18/lab3/lib/libarm_cortexM4lf_math.a(arm_sin_f32.o)
 .debug_line    0x000000000000ea18      0x243 /Users/bowencui/Documents/444lab/ecse444_w2022_group18/lab3/lib/libarm_cortexM4lf_math.a(arm_common_tables.o)

.debug_str      0x0000000000000000   0x10841a
 .debug_str     0x0000000000000000   0x104a75 ./Core/Src/main.o
                                     0x10505a (size before relaxing)
 .debug_str     0x0000000000104a75       0x89 ./Core/Src/stm32l4xx_hal_msp.o
                                     0x104ca0 (size before relaxing)
 .debug_str     0x0000000000104afe       0xfb ./Core/Src/stm32l4xx_it.o
                                     0x1044d8 (size before relaxing)
 .debug_str     0x0000000000104bf9       0xb8 ./Core/Src/system_stm32l4xx.o
                                      0xff9fa (size before relaxing)
 .debug_str     0x0000000000104cb1       0x36 ./Core/Startup/startup_stm32l4s5vitx.o
                                         0x78 (size before relaxing)
 .debug_str     0x0000000000104ce7      0x5b8 ./Drivers/STM32L4xx_HAL_Driver/Src/stm32l4xx_hal.o
                                     0x100544 (size before relaxing)
 .debug_str     0x000000000010529f      0x389 ./Drivers/STM32L4xx_HAL_Driver/Src/stm32l4xx_hal_cortex.o
                                     0x10028f (size before relaxing)
 .debug_str     0x0000000000105628      0x20e ./Drivers/STM32L4xx_HAL_Driver/Src/stm32l4xx_hal_dac.o
                                      0xfff42 (size before relaxing)
 .debug_str     0x0000000000105836      0x1e8 ./Drivers/STM32L4xx_HAL_Driver/Src/stm32l4xx_hal_dac_ex.o
                                      0xffeee (size before relaxing)
 .debug_str     0x0000000000105a1e      0x2b6 ./Drivers/STM32L4xx_HAL_Driver/Src/stm32l4xx_hal_dma.o
                                      0xffd8b (size before relaxing)
 .debug_str     0x0000000000105cd4      0x141 ./Drivers/STM32L4xx_HAL_Driver/Src/stm32l4xx_hal_gpio.o
                                      0xffbc0 (size before relaxing)
 .debug_str     0x0000000000105e15      0x586 ./Drivers/STM32L4xx_HAL_Driver/Src/stm32l4xx_hal_pwr_ex.o
                                      0xfffe3 (size before relaxing)
 .debug_str     0x000000000010639b      0x3f8 ./Drivers/STM32L4xx_HAL_Driver/Src/stm32l4xx_hal_rcc.o
                                     0x100021 (size before relaxing)
 .debug_str     0x0000000000106793      0xdd9 ./Drivers/STM32L4xx_HAL_Driver/Src/stm32l4xx_hal_tim.o
                                     0x100d79 (size before relaxing)
 .debug_str     0x000000000010756c      0x5fc ./Drivers/STM32L4xx_HAL_Driver/Src/stm32l4xx_hal_tim_ex.o
                                     0x10064b (size before relaxing)
 .debug_str     0x0000000000107b68      0x884 /Users/bowencui/Documents/444lab/ecse444_w2022_group18/lab3/lib/libarm_cortexM4lf_math.a(arm_sin_f32.o)
                                        0xd42 (size before relaxing)
 .debug_str     0x00000000001083ec       0x2e /Users/bowencui/Documents/444lab/ecse444_w2022_group18/lab3/lib/libarm_cortexM4lf_math.a(arm_common_tables.o)
                                        0xd1d (size before relaxing)

.comment        0x0000000000000000       0xc8
 .comment       0x0000000000000000       0x53 ./Core/Src/main.o
                                         0x54 (size before relaxing)
 .comment       0x0000000000000053       0x54 ./Core/Src/stm32l4xx_hal_msp.o
 .comment       0x0000000000000053       0x54 ./Core/Src/stm32l4xx_it.o
 .comment       0x0000000000000053       0x54 ./Core/Src/system_stm32l4xx.o
 .comment       0x0000000000000053       0x54 ./Drivers/STM32L4xx_HAL_Driver/Src/stm32l4xx_hal.o
 .comment       0x0000000000000053       0x54 ./Drivers/STM32L4xx_HAL_Driver/Src/stm32l4xx_hal_cortex.o
 .comment       0x0000000000000053       0x54 ./Drivers/STM32L4xx_HAL_Driver/Src/stm32l4xx_hal_dac.o
 .comment       0x0000000000000053       0x54 ./Drivers/STM32L4xx_HAL_Driver/Src/stm32l4xx_hal_dac_ex.o
 .comment       0x0000000000000053       0x54 ./Drivers/STM32L4xx_HAL_Driver/Src/stm32l4xx_hal_dma.o
 .comment       0x0000000000000053       0x54 ./Drivers/STM32L4xx_HAL_Driver/Src/stm32l4xx_hal_gpio.o
 .comment       0x0000000000000053       0x54 ./Drivers/STM32L4xx_HAL_Driver/Src/stm32l4xx_hal_pwr_ex.o
 .comment       0x0000000000000053       0x54 ./Drivers/STM32L4xx_HAL_Driver/Src/stm32l4xx_hal_rcc.o
 .comment       0x0000000000000053       0x54 ./Drivers/STM32L4xx_HAL_Driver/Src/stm32l4xx_hal_tim.o
 .comment       0x0000000000000053       0x54 ./Drivers/STM32L4xx_HAL_Driver/Src/stm32l4xx_hal_tim_ex.o
 .comment       0x0000000000000053       0x75 /Users/bowencui/Documents/444lab/ecse444_w2022_group18/lab3/lib/libarm_cortexM4lf_math.a(arm_sin_f32.o)
                                         0x76 (size before relaxing)
 .comment       0x00000000000000c8       0x76 /Users/bowencui/Documents/444lab/ecse444_w2022_group18/lab3/lib/libarm_cortexM4lf_math.a(arm_common_tables.o)

.debug_frame    0x0000000000000000     0x3884
 .debug_frame   0x0000000000000000      0x168 ./Core/Src/main.o
 .debug_frame   0x0000000000000168       0xc8 ./Core/Src/stm32l4xx_hal_msp.o
 .debug_frame   0x0000000000000230      0x158 ./Core/Src/stm32l4xx_it.o
 .debug_frame   0x0000000000000388       0x58 ./Core/Src/system_stm32l4xx.o
 .debug_frame   0x00000000000003e0      0x498 ./Drivers/STM32L4xx_HAL_Driver/Src/stm32l4xx_hal.o
 .debug_frame   0x0000000000000878      0x498 ./Drivers/STM32L4xx_HAL_Driver/Src/stm32l4xx_hal_cortex.o
 .debug_frame   0x0000000000000d10      0x338 ./Drivers/STM32L4xx_HAL_Driver/Src/stm32l4xx_hal_dac.o
 .debug_frame   0x0000000000001048      0x234 ./Drivers/STM32L4xx_HAL_Driver/Src/stm32l4xx_hal_dac_ex.o
 .debug_frame   0x000000000000127c      0x24c ./Drivers/STM32L4xx_HAL_Driver/Src/stm32l4xx_hal_dma.o
 .debug_frame   0x00000000000014c8      0x14c ./Drivers/STM32L4xx_HAL_Driver/Src/stm32l4xx_hal_gpio.o
 .debug_frame   0x0000000000001614      0x5c4 ./Drivers/STM32L4xx_HAL_Driver/Src/stm32l4xx_hal_pwr_ex.o
 .debug_frame   0x0000000000001bd8      0x248 ./Drivers/STM32L4xx_HAL_Driver/Src/stm32l4xx_hal_rcc.o
 .debug_frame   0x0000000000001e20     0x121c ./Drivers/STM32L4xx_HAL_Driver/Src/stm32l4xx_hal_tim.o
 .debug_frame   0x000000000000303c      0x6b0 ./Drivers/STM32L4xx_HAL_Driver/Src/stm32l4xx_hal_tim_ex.o
 .debug_frame   0x00000000000036ec       0x20 /Users/bowencui/Documents/444lab/ecse444_w2022_group18/lab3/lib/libarm_cortexM4lf_math.a(arm_sin_f32.o)
 .debug_frame   0x000000000000370c       0x2c /Applications/STM32CubeIDE.app/Contents/Eclipse/plugins/com.st.stm32cube.ide.mcu.externaltools.gnu-tools-for-stm32.9-2020-q2-update.macos64_2.0.0.202105311346/tools/bin/../lib/gcc/arm-none-eabi/9.3.1/../../../../arm-none-eabi/lib/thumb/v7e-m+fp/hard/libc_nano.a(lib_a-init.o)
 .debug_frame   0x0000000000003738       0x20 /Applications/STM32CubeIDE.app/Contents/Eclipse/plugins/com.st.stm32cube.ide.mcu.externaltools.gnu-tools-for-stm32.9-2020-q2-update.macos64_2.0.0.202105311346/tools/bin/../lib/gcc/arm-none-eabi/9.3.1/../../../../arm-none-eabi/lib/thumb/v7e-m+fp/hard/libc_nano.a(lib_a-memset.o)
 .debug_frame   0x0000000000003758       0x2c /Applications/STM32CubeIDE.app/Contents/Eclipse/plugins/com.st.stm32cube.ide.mcu.externaltools.gnu-tools-for-stm32.9-2020-q2-update.macos64_2.0.0.202105311346/tools/bin/../lib/gcc/arm-none-eabi/9.3.1/../../../../arm-none-eabi/lib/thumb/v7e-m+fp/hard/libm.a(lib_a-s_round.o)
 .debug_frame   0x0000000000003784       0x30 /Applications/STM32CubeIDE.app/Contents/Eclipse/plugins/com.st.stm32cube.ide.mcu.externaltools.gnu-tools-for-stm32.9-2020-q2-update.macos64_2.0.0.202105311346/tools/bin/../lib/gcc/arm-none-eabi/9.3.1/thumb/v7e-m+fp/hard/libgcc.a(_arm_muldf3.o)
 .debug_frame   0x00000000000037b4       0xac /Applications/STM32CubeIDE.app/Contents/Eclipse/plugins/com.st.stm32cube.ide.mcu.externaltools.gnu-tools-for-stm32.9-2020-q2-update.macos64_2.0.0.202105311346/tools/bin/../lib/gcc/arm-none-eabi/9.3.1/thumb/v7e-m+fp/hard/libgcc.a(_arm_addsubdf3.o)
 .debug_frame   0x0000000000003860       0x24 /Applications/STM32CubeIDE.app/Contents/Eclipse/plugins/com.st.stm32cube.ide.mcu.externaltools.gnu-tools-for-stm32.9-2020-q2-update.macos64_2.0.0.202105311346/tools/bin/../lib/gcc/arm-none-eabi/9.3.1/thumb/v7e-m+fp/hard/libgcc.a(_arm_fixunsdfsi.o)

.debug_loc      0x0000000000000000       0xfa
 .debug_loc     0x0000000000000000       0xfa /Users/bowencui/Documents/444lab/ecse444_w2022_group18/lab3/lib/libarm_cortexM4lf_math.a(arm_sin_f32.o)
