Archive member included to satisfy reference by file (symbol)

/Users/bowencui/Documents/444lab/ecse444_w2022_group18/lab1/lib/libarm_cortexM4lf_math.a(arm_std_f32.o)
                              ./Src/main.o (arm_std_f32)
/Users/bowencui/Documents/444lab/ecse444_w2022_group18/lab1/lib/libarm_cortexM4lf_math.a(arm_mean_f32.o)
                              ./Src/main.o (arm_mean_f32)
/Users/bowencui/Documents/444lab/ecse444_w2022_group18/lab1/lib/libarm_cortexM4lf_math.a(arm_correlate_f32.o)
                              ./Src/main.o (arm_correlate_f32)
/Users/bowencui/Documents/444lab/ecse444_w2022_group18/lab1/lib/libarm_cortexM4lf_math.a(arm_conv_f32.o)
                              ./Src/main.o (arm_conv_f32)
/Users/bowencui/Documents/444lab/ecse444_w2022_group18/lab1/lib/libarm_cortexM4lf_math.a(arm_sub_f32.o)
                              ./Src/KalmanFilter.o (arm_sub_f32)
/Users/bowencui/Documents/444lab/ecse444_w2022_group18/lab1/lib/libarm_cortexM4lf_math.a(arm_mult_f32.o)
                              ./Src/KalmanFilter.o (arm_mult_f32)
/Users/bowencui/Documents/444lab/ecse444_w2022_group18/lab1/lib/libarm_cortexM4lf_math.a(arm_add_f32.o)
                              ./Src/KalmanFilter.o (arm_add_f32)
/Applications/STM32CubeIDE.app/Contents/Eclipse/plugins/com.st.stm32cube.ide.mcu.externaltools.gnu-tools-for-stm32.9-2020-q2-update.macos64_2.0.0.202105311346/tools/bin/../lib/gcc/arm-none-eabi/9.3.1/../../../../arm-none-eabi/lib/thumb/v7e-m+fp/hard/libc_nano.a(lib_a-errno.o)
                              ./Src/syscalls.o (__errno)
/Applications/STM32CubeIDE.app/Contents/Eclipse/plugins/com.st.stm32cube.ide.mcu.externaltools.gnu-tools-for-stm32.9-2020-q2-update.macos64_2.0.0.202105311346/tools/bin/../lib/gcc/arm-none-eabi/9.3.1/../../../../arm-none-eabi/lib/thumb/v7e-m+fp/hard/libc_nano.a(lib_a-exit.o)
                              /Applications/STM32CubeIDE.app/Contents/Eclipse/plugins/com.st.stm32cube.ide.mcu.externaltools.gnu-tools-for-stm32.9-2020-q2-update.macos64_2.0.0.202105311346/tools/bin/../lib/gcc/arm-none-eabi/9.3.1/../../../../arm-none-eabi/lib/thumb/v7e-m+fp/hard/crt0.o (exit)
/Applications/STM32CubeIDE.app/Contents/Eclipse/plugins/com.st.stm32cube.ide.mcu.externaltools.gnu-tools-for-stm32.9-2020-q2-update.macos64_2.0.0.202105311346/tools/bin/../lib/gcc/arm-none-eabi/9.3.1/../../../../arm-none-eabi/lib/thumb/v7e-m+fp/hard/libc_nano.a(lib_a-impure.o)
                              /Applications/STM32CubeIDE.app/Contents/Eclipse/plugins/com.st.stm32cube.ide.mcu.externaltools.gnu-tools-for-stm32.9-2020-q2-update.macos64_2.0.0.202105311346/tools/bin/../lib/gcc/arm-none-eabi/9.3.1/../../../../arm-none-eabi/lib/thumb/v7e-m+fp/hard/libc_nano.a(lib_a-exit.o) (_global_impure_ptr)
/Applications/STM32CubeIDE.app/Contents/Eclipse/plugins/com.st.stm32cube.ide.mcu.externaltools.gnu-tools-for-stm32.9-2020-q2-update.macos64_2.0.0.202105311346/tools/bin/../lib/gcc/arm-none-eabi/9.3.1/../../../../arm-none-eabi/lib/thumb/v7e-m+fp/hard/libc_nano.a(lib_a-init.o)
                              /Applications/STM32CubeIDE.app/Contents/Eclipse/plugins/com.st.stm32cube.ide.mcu.externaltools.gnu-tools-for-stm32.9-2020-q2-update.macos64_2.0.0.202105311346/tools/bin/../lib/gcc/arm-none-eabi/9.3.1/../../../../arm-none-eabi/lib/thumb/v7e-m+fp/hard/crt0.o (__libc_init_array)
/Applications/STM32CubeIDE.app/Contents/Eclipse/plugins/com.st.stm32cube.ide.mcu.externaltools.gnu-tools-for-stm32.9-2020-q2-update.macos64_2.0.0.202105311346/tools/bin/../lib/gcc/arm-none-eabi/9.3.1/../../../../arm-none-eabi/lib/thumb/v7e-m+fp/hard/libc_nano.a(lib_a-memcpy-stub.o)
                              ./Src/main.o (memcpy)
/Applications/STM32CubeIDE.app/Contents/Eclipse/plugins/com.st.stm32cube.ide.mcu.externaltools.gnu-tools-for-stm32.9-2020-q2-update.macos64_2.0.0.202105311346/tools/bin/../lib/gcc/arm-none-eabi/9.3.1/../../../../arm-none-eabi/lib/thumb/v7e-m+fp/hard/libc_nano.a(lib_a-memset.o)
                              /Applications/STM32CubeIDE.app/Contents/Eclipse/plugins/com.st.stm32cube.ide.mcu.externaltools.gnu-tools-for-stm32.9-2020-q2-update.macos64_2.0.0.202105311346/tools/bin/../lib/gcc/arm-none-eabi/9.3.1/../../../../arm-none-eabi/lib/thumb/v7e-m+fp/hard/crt0.o (memset)
/Applications/STM32CubeIDE.app/Contents/Eclipse/plugins/com.st.stm32cube.ide.mcu.externaltools.gnu-tools-for-stm32.9-2020-q2-update.macos64_2.0.0.202105311346/tools/bin/../lib/gcc/arm-none-eabi/9.3.1/../../../../arm-none-eabi/lib/thumb/v7e-m+fp/hard/libm.a(lib_a-w_sqrt.o)
                              ./Src/vector_operations.o (sqrt)
/Applications/STM32CubeIDE.app/Contents/Eclipse/plugins/com.st.stm32cube.ide.mcu.externaltools.gnu-tools-for-stm32.9-2020-q2-update.macos64_2.0.0.202105311346/tools/bin/../lib/gcc/arm-none-eabi/9.3.1/../../../../arm-none-eabi/lib/thumb/v7e-m+fp/hard/libm.a(lib_a-wf_sqrt.o)
                              /Users/bowencui/Documents/444lab/ecse444_w2022_group18/lab1/lib/libarm_cortexM4lf_math.a(arm_std_f32.o) (sqrtf)
[...]
Memory Configuration

Name             Origin             Length             Attributes
RAM              0x0000000020000000 0x00000000000a0000 xrw
RAM2             0x0000000010000000 0x0000000000010000 xrw
RAM3             0x0000000020040000 0x0000000000060000 xrw
FLASH            0x0000000008000000 0x0000000000200000 xr
*default*        0x0000000000000000 0xffffffffffffffff

Linker script and memory map

LOAD /Applications/STM32CubeIDE.app/Contents/Eclipse/plugins/com.st.stm32cube.ide.mcu.externaltools.gnu-tools-for-stm32.9-2020-q2-update.macos64_2.0.0.202105311346/tools/bin/../lib/gcc/arm-none-eabi/9.3.1/thumb/v7e-m+fp/hard/crti.o
LOAD /Applications/STM32CubeIDE.app/Contents/Eclipse/plugins/com.st.stm32cube.ide.mcu.externaltools.gnu-tools-for-stm32.9-2020-q2-update.macos64_2.0.0.202105311346/tools/bin/../lib/gcc/arm-none-eabi/9.3.1/thumb/v7e-m+fp/hard/crtbegin.o
LOAD /Applications/STM32CubeIDE.app/Contents/Eclipse/plugins/com.st.stm32cube.ide.mcu.externaltools.gnu-tools-for-stm32.9-2020-q2-update.macos64_2.0.0.202105311346/tools/bin/../lib/gcc/arm-none-eabi/9.3.1/../../../../arm-none-eabi/lib/thumb/v7e-m+fp/hard/crt0.o
LOAD ./Drivers/STM32L4xx_HAL_Driver/Src/stm32l4xx_hal.o
LOAD ./Drivers/STM32L4xx_HAL_Driver/Src/stm32l4xx_hal_cortex.o
LOAD ./Drivers/STM32L4xx_HAL_Driver/Src/stm32l4xx_hal_dma.o
LOAD ./Drivers/STM32L4xx_HAL_Driver/Src/stm32l4xx_hal_dma_ex.o
LOAD ./Drivers/STM32L4xx_HAL_Driver/Src/stm32l4xx_hal_exti.o
LOAD ./Drivers/STM32L4xx_HAL_Driver/Src/stm32l4xx_hal_flash.o
LOAD ./Drivers/STM32L4xx_HAL_Driver/Src/stm32l4xx_hal_flash_ex.o
LOAD ./Drivers/STM32L4xx_HAL_Driver/Src/stm32l4xx_hal_flash_ramfunc.o
LOAD ./Drivers/STM32L4xx_HAL_Driver/Src/stm32l4xx_hal_gpio.o
LOAD ./Drivers/STM32L4xx_HAL_Driver/Src/stm32l4xx_hal_i2c.o
LOAD ./Drivers/STM32L4xx_HAL_Driver/Src/stm32l4xx_hal_i2c_ex.o
LOAD ./Drivers/STM32L4xx_HAL_Driver/Src/stm32l4xx_hal_pwr.o
LOAD ./Drivers/STM32L4xx_HAL_Driver/Src/stm32l4xx_hal_pwr_ex.o
LOAD ./Drivers/STM32L4xx_HAL_Driver/Src/stm32l4xx_hal_rcc.o
LOAD ./Drivers/STM32L4xx_HAL_Driver/Src/stm32l4xx_hal_rcc_ex.o
LOAD ./Drivers/STM32L4xx_HAL_Driver/Src/stm32l4xx_hal_tim.o
LOAD ./Drivers/STM32L4xx_HAL_Driver/Src/stm32l4xx_hal_tim_ex.o
LOAD ./Src/KalmanFilter.o
LOAD ./Src/kalman.o
LOAD ./Src/main.o
LOAD ./Src/stm32l4xx_hal_msp.o
LOAD ./Src/stm32l4xx_it.o
LOAD ./Src/syscalls.o
LOAD ./Src/sysmem.o
LOAD ./Src/system_stm32l4xx.o
LOAD ./Src/vector_operations.o
LOAD ./Startup/startup_stm32l4s5vitx.o
LOAD /Users/bowencui/Documents/444lab/ecse444_w2022_group18/lab1/lib/libarm_cortexM4lf_math.a
START GROUP
LOAD /Applications/STM32CubeIDE.app/Contents/Eclipse/plugins/com.st.stm32cube.ide.mcu.externaltools.gnu-tools-for-stm32.9-2020-q2-update.macos64_2.0.0.202105311346/tools/bin/../lib/gcc/arm-none-eabi/9.3.1/../../../../arm-none-eabi/lib/thumb/v7e-m+fp/hard/libc_nano.a
LOAD /Applications/STM32CubeIDE.app/Contents/Eclipse/plugins/com.st.stm32cube.ide.mcu.externaltools.gnu-tools-for-stm32.9-2020-q2-update.macos64_2.0.0.202105311346/tools/bin/../lib/gcc/arm-none-eabi/9.3.1/../../../../arm-none-eabi/lib/thumb/v7e-m+fp/hard/libm.a
END GROUP
START GROUP
LOAD /Applications/STM32CubeIDE.app/Contents/Eclipse/plugins/com.st.stm32cube.ide.mcu.externaltools.gnu-tools-for-stm32.9-2020-q2-update.macos64_2.0.0.202105311346/tools/bin/../lib/gcc/arm-none-eabi/9.3.1/thumb/v7e-m+fp/hard/libgcc.a
LOAD /Applications/STM32CubeIDE.app/Contents/Eclipse/plugins/com.st.stm32cube.ide.mcu.externaltools.gnu-tools-for-stm32.9-2020-q2-update.macos64_2.0.0.202105311346/tools/bin/../lib/gcc/arm-none-eabi/9.3.1/../../../../arm-none-eabi/lib/thumb/v7e-m+fp/hard/libc_nano.a
END GROUP
START GROUP
LOAD /Applications/STM32CubeIDE.app/Contents/Eclipse/plugins/com.st.stm32cube.ide.mcu.externaltools.gnu-tools-for-stm32.9-2020-q2-update.macos64_2.0.0.202105311346/tools/bin/../lib/gcc/arm-none-eabi/9.3.1/thumb/v7e-m+fp/hard/libgcc.a
LOAD /Applications/STM32CubeIDE.app/Contents/Eclipse/plugins/com.st.stm32cube.ide.mcu.externaltools.gnu-tools-for-stm32.9-2020-q2-update.macos64_2.0.0.202105311346/tools/bin/../lib/gcc/arm-none-eabi/9.3.1/../../../../arm-none-eabi/lib/thumb/v7e-m+fp/hard/libc_nano.a
LOAD /Applications/STM32CubeIDE.app/Contents/Eclipse/plugins/com.st.stm32cube.ide.mcu.externaltools.gnu-tools-for-stm32.9-2020-q2-update.macos64_2.0.0.202105311346/tools/bin/../lib/gcc/arm-none-eabi/9.3.1/../../../../arm-none-eabi/lib/thumb/v7e-m+fp/hard/libnosys.a
END GROUP
START GROUP
LOAD /Applications/STM32CubeIDE.app/Contents/Eclipse/plugins/com.st.stm32cube.ide.mcu.externaltools.gnu-tools-for-stm32.9-2020-q2-update.macos64_2.0.0.202105311346/tools/bin/../lib/gcc/arm-none-eabi/9.3.1/thumb/v7e-m+fp/hard/libgcc.a
LOAD /Applications/STM32CubeIDE.app/Contents/Eclipse/plugins/com.st.stm32cube.ide.mcu.externaltools.gnu-tools-for-stm32.9-2020-q2-update.macos64_2.0.0.202105311346/tools/bin/../lib/gcc/arm-none-eabi/9.3.1/../../../../arm-none-eabi/lib/thumb/v7e-m+fp/hard/libc_nano.a
LOAD /Applications/STM32CubeIDE.app/Contents/Eclipse/plugins/com.st.stm32cube.ide.mcu.externaltools.gnu-tools-for-stm32.9-2020-q2-update.macos64_2.0.0.202105311346/tools/bin/../lib/gcc/arm-none-eabi/9.3.1/../../../../arm-none-eabi/lib/thumb/v7e-m+fp/hard/libnosys.a
END GROUP
LOAD /Applications/STM32CubeIDE.app/Contents/Eclipse/plugins/com.st.stm32cube.ide.mcu.externaltools.gnu-tools-for-stm32.9-2020-q2-update.macos64_2.0.0.202105311346/tools/bin/../lib/gcc/arm-none-eabi/9.3.1/thumb/v7e-m+fp/hard/crtend.o
LOAD /Applications/STM32CubeIDE.app/Contents/Eclipse/plugins/com.st.stm32cube.ide.mcu.externaltools.gnu-tools-for-stm32.9-2020-q2-update.macos64_2.0.0.202105311346/tools/bin/../lib/gcc/arm-none-eabi/9.3.1/thumb/v7e-m+fp/hard/crtn.o
                0x00000000200a0000                _estack = (ORIGIN (RAM) + LENGTH (RAM))
                0x0000000000000200                _Min_Heap_Size = 0x200
                0x0000000000000400                _Min_Stack_Size = 0x400

.isr_vector     0x0000000008000000      0x1bc
                0x0000000008000000                . = ALIGN (0x4)
 *(.isr_vector)
 .isr_vector    0x0000000008000000      0x1bc ./Startup/startup_stm32l4s5vitx.o
                0x0000000008000000                g_pfnVectors
                0x00000000080001bc                . = ALIGN (0x4)

.text           0x00000000080001bc     0x2dc4
                0x00000000080001bc                . = ALIGN (0x4)
 *(.text)
 .text          0x00000000080001bc       0x40 /Applications/STM32CubeIDE.app/Contents/Eclipse/plugins/com.st.stm32cube.ide.mcu.externaltools.gnu-tools-for-stm32.9-2020-q2-update.macos64_2.0.0.202105311346/tools/bin/../lib/gcc/arm-none-eabi/9.3.1/thumb/v7e-m+fp/hard/crtbegin.o
 .text          0x00000000080001fc       0x4a ./Src/kalman.o
                0x00000000080001fc                kalman
 *fill*         0x0000000008000246        0x2 
 .text          0x0000000008000248      0x378 /Applications/STM32CubeIDE.app/Contents/Eclipse/plugins/com.st.stm32cube.ide.mcu.externaltools.gnu-tools-for-stm32.9-2020-q2-update.macos64_2.0.0.202105311346/tools/bin/../lib/gcc/arm-none-eabi/9.3.1/thumb/v7e-m+fp/hard/libgcc.a(_arm_addsubdf3.o)
                0x0000000008000248                __aeabi_drsub
                0x0000000008000250                __subdf3
                0x0000000008000250                __aeabi_dsub
                0x0000000008000254                __aeabi_dadd
                0x0000000008000254                __adddf3
                0x00000000080004cc                __aeabi_ui2d
                0x00000000080004cc                __floatunsidf
                0x00000000080004ec                __floatsidf
                0x00000000080004ec                __aeabi_i2d
                0x0000000008000510                __extendsfdf2
                0x0000000008000510                __aeabi_f2d
                0x0000000008000554                __aeabi_ul2d
                0x0000000008000554                __floatundidf
                0x0000000008000564                __aeabi_l2d
                0x0000000008000564                __floatdidf
 .text          0x00000000080005c0      0x424 /Applications/STM32CubeIDE.app/Contents/Eclipse/plugins/com.st.stm32cube.ide.mcu.externaltools.gnu-tools-for-stm32.9-2020-q2-update.macos64_2.0.0.202105311346/tools/bin/../lib/gcc/arm-none-eabi/9.3.1/thumb/v7e-m+fp/hard/libgcc.a(_arm_muldivdf3.o)
                0x00000000080005c0                __aeabi_dmul
                0x00000000080005c0                __muldf3
                0x0000000008000814                __aeabi_ddiv
                0x0000000008000814                __divdf3
 .text          0x00000000080009e4      0x110 /Applications/STM32CubeIDE.app/Contents/Eclipse/plugins/com.st.stm32cube.ide.mcu.externaltools.gnu-tools-for-stm32.9-2020-q2-update.macos64_2.0.0.202105311346/tools/bin/../lib/gcc/arm-none-eabi/9.3.1/thumb/v7e-m+fp/hard/libgcc.a(_arm_cmpdf2.o)
                0x00000000080009e4                __gedf2
                0x00000000080009e4                __gtdf2
                0x00000000080009ec                __ledf2
                0x00000000080009ec                __ltdf2
                0x00000000080009f4                __cmpdf2
                0x00000000080009f4                __eqdf2
                0x00000000080009f4                __nedf2
                0x0000000008000a70                __aeabi_cdrcmple
                0x0000000008000a80                __aeabi_cdcmple
                0x0000000008000a80                __aeabi_cdcmpeq
                0x0000000008000a90                __aeabi_dcmpeq
                0x0000000008000aa4                __aeabi_dcmplt
                0x0000000008000ab8                __aeabi_dcmple
                0x0000000008000acc                __aeabi_dcmpge
                0x0000000008000ae0                __aeabi_dcmpgt
 .text          0x0000000008000af4       0x2c /Applications/STM32CubeIDE.app/Contents/Eclipse/plugins/com.st.stm32cube.ide.mcu.externaltools.gnu-tools-for-stm32.9-2020-q2-update.macos64_2.0.0.202105311346/tools/bin/../lib/gcc/arm-none-eabi/9.3.1/thumb/v7e-m+fp/hard/libgcc.a(_arm_unorddf2.o)
                0x0000000008000af4                __aeabi_dcmpun
                0x0000000008000af4                __unorddf2
 .text          0x0000000008000b20       0xa0 /Applications/STM32CubeIDE.app/Contents/Eclipse/plugins/com.st.stm32cube.ide.mcu.externaltools.gnu-tools-for-stm32.9-2020-q2-update.macos64_2.0.0.202105311346/tools/bin/../lib/gcc/arm-none-eabi/9.3.1/thumb/v7e-m+fp/hard/libgcc.a(_arm_truncdfsf2.o)
                0x0000000008000b20                __aeabi_d2f
                0x0000000008000b20                __truncdfsf2
 *(.text*)
 .text.HAL_InitTick
                0x0000000008000bc0       0x50 ./Drivers/STM32L4xx_HAL_Driver/Src/stm32l4xx_hal.o
                0x0000000008000bc0                HAL_InitTick
 .text.HAL_Init
                0x0000000008000c10       0x1e ./Drivers/STM32L4xx_HAL_Driver/Src/stm32l4xx_hal.o
                0x0000000008000c10                HAL_Init
 *fill*         0x0000000008000c2e        0x2 
 .text.HAL_IncTick
                0x0000000008000c30       0x18 ./Drivers/STM32L4xx_HAL_Driver/Src/stm32l4xx_hal.o
                0x0000000008000c30                HAL_IncTick
 .text.HAL_GetTick
                0x0000000008000c48        0xc ./Drivers/STM32L4xx_HAL_Driver/Src/stm32l4xx_hal.o
                0x0000000008000c48                HAL_GetTick
 .text.HAL_NVIC_SetPriorityGrouping
                0x0000000008000c54       0x24 ./Drivers/STM32L4xx_HAL_Driver/Src/stm32l4xx_hal_cortex.o
                0x0000000008000c54                HAL_NVIC_SetPriorityGrouping
 .text.HAL_NVIC_SetPriority
                0x0000000008000c78       0x64 ./Drivers/STM32L4xx_HAL_Driver/Src/stm32l4xx_hal_cortex.o
                0x0000000008000c78                HAL_NVIC_SetPriority
 .text.HAL_SYSTICK_Config
                0x0000000008000cdc       0x2c ./Drivers/STM32L4xx_HAL_Driver/Src/stm32l4xx_hal_cortex.o
                0x0000000008000cdc                HAL_SYSTICK_Config
 .text.HAL_PWREx_GetVoltageRange
                0x0000000008000d08       0x24 ./Drivers/STM32L4xx_HAL_Driver/Src/stm32l4xx_hal_pwr_ex.o
                0x0000000008000d08                HAL_PWREx_GetVoltageRange
 .text.HAL_PWREx_ControlVoltageScaling
                0x0000000008000d2c      0x114 ./Drivers/STM32L4xx_HAL_Driver/Src/stm32l4xx_hal_pwr_ex.o
                0x0000000008000d2c                HAL_PWREx_ControlVoltageScaling
 .text.RCC_SetFlashLatencyFromMSIRange
                0x0000000008000e40       0x84 ./Drivers/STM32L4xx_HAL_Driver/Src/stm32l4xx_hal_rcc.o
 .text.HAL_RCC_GetSysClockFreq
                0x0000000008000ec4       0xa8 ./Drivers/STM32L4xx_HAL_Driver/Src/stm32l4xx_hal_rcc.o
                0x0000000008000ec4                HAL_RCC_GetSysClockFreq
 .text.HAL_RCC_OscConfig
                0x0000000008000f6c      0x6a0 ./Drivers/STM32L4xx_HAL_Driver/Src/stm32l4xx_hal_rcc.o
                0x0000000008000f6c                HAL_RCC_OscConfig
 .text.HAL_RCC_ClockConfig
                0x000000000800160c      0x270 ./Drivers/STM32L4xx_HAL_Driver/Src/stm32l4xx_hal_rcc.o
                0x000000000800160c                HAL_RCC_ClockConfig
 .text.Kalmanfilter
                0x000000000800187c       0x26 ./Src/KalmanFilter.o
                0x000000000800187c                Kalmanfilter
 .text.kalman_c
                0x00000000080018a2       0x42 ./Src/KalmanFilter.o
                0x00000000080018a2                kalman_c
 .text.Kalmanfilter_c
                0x00000000080018e4       0x26 ./Src/KalmanFilter.o
                0x00000000080018e4                Kalmanfilter_c
 .text.kalman_cmsis
                0x000000000800190a       0x8e ./Src/KalmanFilter.o
                0x000000000800190a                kalman_cmsis
 .text.Kalmanfilter_cmsis
                0x0000000008001998       0x26 ./Src/KalmanFilter.o
                0x0000000008001998                Kalmanfilter_cmsis
 .text.SystemClock_Config
                0x00000000080019be       0x76 ./Src/main.o
                0x00000000080019be                SystemClock_Config
 .text.main     0x0000000008001a34      0x1fc ./Src/main.o
                0x0000000008001a34                main
 .text.HAL_MspInit
                0x0000000008001c30       0x30 ./Src/stm32l4xx_hal_msp.o
                0x0000000008001c30                HAL_MspInit
 .text.NMI_Handler
                0x0000000008001c60        0x2 ./Src/stm32l4xx_it.o
                0x0000000008001c60                NMI_Handler
 .text.HardFault_Handler
                0x0000000008001c62        0x2 ./Src/stm32l4xx_it.o
                0x0000000008001c62                HardFault_Handler
 .text.MemManage_Handler
                0x0000000008001c64        0x2 ./Src/stm32l4xx_it.o
                0x0000000008001c64                MemManage_Handler
 .text.BusFault_Handler
                0x0000000008001c66        0x2 ./Src/stm32l4xx_it.o
                0x0000000008001c66                BusFault_Handler
 .text.UsageFault_Handler
                0x0000000008001c68        0x2 ./Src/stm32l4xx_it.o
                0x0000000008001c68                UsageFault_Handler
 .text.SVC_Handler
                0x0000000008001c6a        0x2 ./Src/stm32l4xx_it.o
                0x0000000008001c6a                SVC_Handler
 .text.DebugMon_Handler
                0x0000000008001c6c        0x2 ./Src/stm32l4xx_it.o
                0x0000000008001c6c                DebugMon_Handler
 .text.PendSV_Handler
                0x0000000008001c6e        0x2 ./Src/stm32l4xx_it.o
                0x0000000008001c6e                PendSV_Handler
 .text.SysTick_Handler
                0x0000000008001c70        0x8 ./Src/stm32l4xx_it.o
                0x0000000008001c70                SysTick_Handler
 .text.SystemInit
                0x0000000008001c78       0x14 ./Src/system_stm32l4xx.o
                0x0000000008001c78                SystemInit
 .text.vec_sub  0x0000000008001c8c       0x28 ./Src/vector_operations.o
                0x0000000008001c8c                vec_sub
 .text.vec_mean
                0x0000000008001cb4       0x34 ./Src/vector_operations.o
                0x0000000008001cb4                vec_mean
 .text.vec_sd   0x0000000008001ce8       0x60 ./Src/vector_operations.o
                0x0000000008001ce8                vec_sd
 .text.vec_correlation
                0x0000000008001d48       0x6e ./Src/vector_operations.o
                0x0000000008001d48                vec_correlation
 .text.vec_convolution
                0x0000000008001db6       0x6e ./Src/vector_operations.o
                0x0000000008001db6                vec_convolution
 .text.Reset_Handler
                0x0000000008001e24       0x50 ./Startup/startup_stm32l4s5vitx.o
                0x0000000008001e24                Reset_Handler
 .text.Default_Handler
                0x0000000008001e74        0x2 ./Startup/startup_stm32l4s5vitx.o
                0x0000000008001e74                TIM1_BRK_TIM15_IRQHandler
                0x0000000008001e74                EXTI2_IRQHandler
                0x0000000008001e74                TIM8_TRG_COM_IRQHandler
                0x0000000008001e74                TIM8_CC_IRQHandler
                0x0000000008001e74                TIM1_CC_IRQHandler
                0x0000000008001e74                TSC_IRQHandler
                0x0000000008001e74                TAMP_STAMP_IRQHandler
                0x0000000008001e74                EXTI3_IRQHandler
                0x0000000008001e74                LPTIM2_IRQHandler
                0x0000000008001e74                DFSDM1_FLT1_IRQHandler
                0x0000000008001e74                GFXMMU_IRQHandler
                0x0000000008001e74                I2C3_ER_IRQHandler
                0x0000000008001e74                DFSDM1_FLT2_IRQHandler
                0x0000000008001e74                EXTI0_IRQHandler
                0x0000000008001e74                I2C2_EV_IRQHandler
                0x0000000008001e74                CAN1_RX0_IRQHandler
                0x0000000008001e74                FPU_IRQHandler
                0x0000000008001e74                TIM1_UP_TIM16_IRQHandler
                0x0000000008001e74                LTDC_ER_IRQHandler
                0x0000000008001e74                SPI1_IRQHandler
                0x0000000008001e74                OCTOSPI1_IRQHandler
                0x0000000008001e74                TIM6_DAC_IRQHandler
                0x0000000008001e74                DCMI_IRQHandler
                0x0000000008001e74                TIM8_UP_IRQHandler
                0x0000000008001e74                OCTOSPI2_IRQHandler
                0x0000000008001e74                DMA2_Channel2_IRQHandler
                0x0000000008001e74                DMA1_Channel4_IRQHandler
                0x0000000008001e74                SAI2_IRQHandler
                0x0000000008001e74                ADC1_IRQHandler
                0x0000000008001e74                DFSDM1_FLT3_IRQHandler
                0x0000000008001e74                USART3_IRQHandler
                0x0000000008001e74                DMA1_Channel7_IRQHandler
                0x0000000008001e74                CAN1_RX1_IRQHandler
                0x0000000008001e74                UART5_IRQHandler
                0x0000000008001e74                TIM4_IRQHandler
                0x0000000008001e74                DMA2_Channel1_IRQHandler
                0x0000000008001e74                I2C1_EV_IRQHandler
                0x0000000008001e74                DMAMUX1_OVR_IRQHandler
                0x0000000008001e74                DMA1_Channel6_IRQHandler
                0x0000000008001e74                UART4_IRQHandler
                0x0000000008001e74                DMA2_Channel4_IRQHandler
                0x0000000008001e74                TIM3_IRQHandler
                0x0000000008001e74                RCC_IRQHandler
                0x0000000008001e74                DMA1_Channel1_IRQHandler
                0x0000000008001e74                Default_Handler
                0x0000000008001e74                DMA2_Channel7_IRQHandler
                0x0000000008001e74                EXTI15_10_IRQHandler
                0x0000000008001e74                TIM7_IRQHandler
                0x0000000008001e74                SDMMC1_IRQHandler
                0x0000000008001e74                TIM5_IRQHandler
                0x0000000008001e74                I2C3_EV_IRQHandler
                0x0000000008001e74                EXTI9_5_IRQHandler
                0x0000000008001e74                RTC_WKUP_IRQHandler
                0x0000000008001e74                LTDC_IRQHandler
                0x0000000008001e74                PVD_PVM_IRQHandler
                0x0000000008001e74                SPI2_IRQHandler
                0x0000000008001e74                CAN1_TX_IRQHandler
                0x0000000008001e74                DMA2_Channel5_IRQHandler
                0x0000000008001e74                DMA1_Channel5_IRQHandler
                0x0000000008001e74                EXTI4_IRQHandler
                0x0000000008001e74                RNG_IRQHandler
                0x0000000008001e74                TIM1_TRG_COM_TIM17_IRQHandler
                0x0000000008001e74                DMA1_Channel3_IRQHandler
                0x0000000008001e74                COMP_IRQHandler
                0x0000000008001e74                HASH_CRS_IRQHandler
                0x0000000008001e74                WWDG_IRQHandler
                0x0000000008001e74                I2C4_EV_IRQHandler
                0x0000000008001e74                LPUART1_IRQHandler
                0x0000000008001e74                DMA2_Channel6_IRQHandler
                0x0000000008001e74                TIM2_IRQHandler
                0x0000000008001e74                DMA2D_IRQHandler
                0x0000000008001e74                EXTI1_IRQHandler
                0x0000000008001e74                AES_IRQHandler
                0x0000000008001e74                USART2_IRQHandler
                0x0000000008001e74                DFSDM1_FLT0_IRQHandler
                0x0000000008001e74                I2C2_ER_IRQHandler
                0x0000000008001e74                DMA1_Channel2_IRQHandler
                0x0000000008001e74                TIM8_BRK_IRQHandler
                0x0000000008001e74                CAN1_SCE_IRQHandler
                0x0000000008001e74                FLASH_IRQHandler
                0x0000000008001e74                USART1_IRQHandler
                0x0000000008001e74                OTG_FS_IRQHandler
                0x0000000008001e74                SPI3_IRQHandler
                0x0000000008001e74                I2C1_ER_IRQHandler
                0x0000000008001e74                FMC_IRQHandler
                0x0000000008001e74                LPTIM1_IRQHandler
                0x0000000008001e74                I2C4_ER_IRQHandler
                0x0000000008001e74                SAI1_IRQHandler
                0x0000000008001e74                DMA2_Channel3_IRQHandler
                0x0000000008001e74                RTC_Alarm_IRQHandler
 *fill*         0x0000000008001e76        0x2 
 .text.arm_std_f32
                0x0000000008001e78      0x114 /Users/bowencui/Documents/444lab/ecse444_w2022_group18/lab1/lib/libarm_cortexM4lf_math.a(arm_std_f32.o)
                0x0000000008001e78                arm_std_f32
 .text.arm_mean_f32
                0x0000000008001f8c       0x7c /Users/bowencui/Documents/444lab/ecse444_w2022_group18/lab1/lib/libarm_cortexM4lf_math.a(arm_mean_f32.o)
                0x0000000008001f8c                arm_mean_f32
 .text.arm_correlate_f32
                0x0000000008002008      0x56c /Users/bowencui/Documents/444lab/ecse444_w2022_group18/lab1/lib/libarm_cortexM4lf_math.a(arm_correlate_f32.o)
                0x0000000008002008                arm_correlate_f32
 .text.arm_conv_f32
                0x0000000008002574      0x534 /Users/bowencui/Documents/444lab/ecse444_w2022_group18/lab1/lib/libarm_cortexM4lf_math.a(arm_conv_f32.o)
                0x0000000008002574                arm_conv_f32
 .text.arm_sub_f32
                0x0000000008002aa8       0xb4 /Users/bowencui/Documents/444lab/ecse444_w2022_group18/lab1/lib/libarm_cortexM4lf_math.a(arm_sub_f32.o)
                0x0000000008002aa8                arm_sub_f32
 .text.arm_mult_f32
                0x0000000008002b5c       0xb4 /Users/bowencui/Documents/444lab/ecse444_w2022_group18/lab1/lib/libarm_cortexM4lf_math.a(arm_mult_f32.o)
                0x0000000008002b5c                arm_mult_f32
 .text.arm_add_f32
                0x0000000008002c10       0xb4 /Users/bowencui/Documents/444lab/ecse444_w2022_group18/lab1/lib/libarm_cortexM4lf_math.a(arm_add_f32.o)
                0x0000000008002c10                arm_add_f32
 .text.__errno  0x0000000008002cc4        0xc /Applications/STM32CubeIDE.app/Contents/Eclipse/plugins/com.st.stm32cube.ide.mcu.externaltools.gnu-tools-for-stm32.9-2020-q2-update.macos64_2.0.0.202105311346/tools/bin/../lib/gcc/arm-none-eabi/9.3.1/../../../../arm-none-eabi/lib/thumb/v7e-m+fp/hard/libc_nano.a(lib_a-errno.o)
                0x0000000008002cc4                __errno
 .text.__libc_init_array
                0x0000000008002cd0       0x48 /Applications/STM32CubeIDE.app/Contents/Eclipse/plugins/com.st.stm32cube.ide.mcu.externaltools.gnu-tools-for-stm32.9-2020-q2-update.macos64_2.0.0.202105311346/tools/bin/../lib/gcc/arm-none-eabi/9.3.1/../../../../arm-none-eabi/lib/thumb/v7e-m+fp/hard/libc_nano.a(lib_a-init.o)
                0x0000000008002cd0                __libc_init_array
 .text.memcpy   0x0000000008002d18       0x1c /Applications/STM32CubeIDE.app/Contents/Eclipse/plugins/com.st.stm32cube.ide.mcu.externaltools.gnu-tools-for-stm32.9-2020-q2-update.macos64_2.0.0.202105311346/tools/bin/../lib/gcc/arm-none-eabi/9.3.1/../../../../arm-none-eabi/lib/thumb/v7e-m+fp/hard/libc_nano.a(lib_a-memcpy-stub.o)
                0x0000000008002d18                memcpy
 .text.memset   0x0000000008002d34       0x10 /Applications/STM32CubeIDE.app/Contents/Eclipse/plugins/com.st.stm32cube.ide.mcu.externaltools.gnu-tools-for-stm32.9-2020-q2-update.macos64_2.0.0.202105311346/tools/bin/../lib/gcc/arm-none-eabi/9.3.1/../../../../arm-none-eabi/lib/thumb/v7e-m+fp/hard/libc_nano.a(lib_a-memset.o)
                0x0000000008002d34                memset
 .text.sqrt     0x0000000008002d44       0x68 /Applications/STM32CubeIDE.app/Contents/Eclipse/plugins/com.st.stm32cube.ide.mcu.externaltools.gnu-tools-for-stm32.9-2020-q2-update.macos64_2.0.0.202105311346/tools/bin/../lib/gcc/arm-none-eabi/9.3.1/../../../../arm-none-eabi/lib/thumb/v7e-m+fp/hard/libm.a(lib_a-w_sqrt.o)
                0x0000000008002d44                sqrt
 .text.sqrtf    0x0000000008002dac       0x4c /Applications/STM32CubeIDE.app/Contents/Eclipse/plugins/com.st.stm32cube.ide.mcu.externaltools.gnu-tools-for-stm32.9-2020-q2-update.macos64_2.0.0.202105311346/tools/bin/../lib/gcc/arm-none-eabi/9.3.1/../../../../arm-none-eabi/lib/thumb/v7e-m+fp/hard/libm.a(lib_a-wf_sqrt.o)
                0x0000000008002dac                sqrtf
 .text.__ieee754_sqrt
                0x0000000008002df8      0x168 /Applications/STM32CubeIDE.app/Contents/Eclipse/plugins/com.st.stm32cube.ide.mcu.externaltools.gnu-tools-for-stm32.9-2020-q2-update.macos64_2.0.0.202105311346/tools/bin/../lib/gcc/arm-none-eabi/9.3.1/../../../../arm-none-eabi/lib/thumb/v7e-m+fp/hard/libm.a(lib_a-e_sqrt.o)
                0x0000000008002df8                __ieee754_sqrt
 .text.__ieee754_sqrtf
                0x0000000008002f60        0x6 /Applications/STM32CubeIDE.app/Contents/Eclipse/plugins/com.st.stm32cube.ide.mcu.externaltools.gnu-tools-for-stm32.9-2020-q2-update.macos64_2.0.0.202105311346/tools/bin/../lib/gcc/arm-none-eabi/9.3.1/../../../../arm-none-eabi/lib/thumb/v7e-m+fp/hard/libm.a(lib_a-ef_sqrt.o)
                0x0000000008002f60                __ieee754_sqrtf
 *(.glue_7)
 .glue_7        0x0000000008002f66        0x0 linker stubs
 *(.glue_7t)
 .glue_7t       0x0000000008002f66        0x0 linker stubs
 *(.eh_frame)
 *fill*         0x0000000008002f66        0x2 
 .eh_frame      0x0000000008002f68        0x0 /Applications/STM32CubeIDE.app/Contents/Eclipse/plugins/com.st.stm32cube.ide.mcu.externaltools.gnu-tools-for-stm32.9-2020-q2-update.macos64_2.0.0.202105311346/tools/bin/../lib/gcc/arm-none-eabi/9.3.1/thumb/v7e-m+fp/hard/crtbegin.o
 *(.init)
 .init          0x0000000008002f68        0x4 /Applications/STM32CubeIDE.app/Contents/Eclipse/plugins/com.st.stm32cube.ide.mcu.externaltools.gnu-tools-for-stm32.9-2020-q2-update.macos64_2.0.0.202105311346/tools/bin/../lib/gcc/arm-none-eabi/9.3.1/thumb/v7e-m+fp/hard/crti.o
                0x0000000008002f68                _init
 .init          0x0000000008002f6c        0x8 /Applications/STM32CubeIDE.app/Contents/Eclipse/plugins/com.st.stm32cube.ide.mcu.externaltools.gnu-tools-for-stm32.9-2020-q2-update.macos64_2.0.0.202105311346/tools/bin/../lib/gcc/arm-none-eabi/9.3.1/thumb/v7e-m+fp/hard/crtn.o
 *(.fini)
 .fini          0x0000000008002f74        0x4 /Applications/STM32CubeIDE.app/Contents/Eclipse/plugins/com.st.stm32cube.ide.mcu.externaltools.gnu-tools-for-stm32.9-2020-q2-update.macos64_2.0.0.202105311346/tools/bin/../lib/gcc/arm-none-eabi/9.3.1/thumb/v7e-m+fp/hard/crti.o
                0x0000000008002f74                _fini
 .fini          0x0000000008002f78        0x8 /Applications/STM32CubeIDE.app/Contents/Eclipse/plugins/com.st.stm32cube.ide.mcu.externaltools.gnu-tools-for-stm32.9-2020-q2-update.macos64_2.0.0.202105311346/tools/bin/../lib/gcc/arm-none-eabi/9.3.1/thumb/v7e-m+fp/hard/crtn.o
                0x0000000008002f80                . = ALIGN (0x4)
                0x0000000008002f80                _etext = .

.vfp11_veneer   0x0000000008002f80        0x0
 .vfp11_veneer  0x0000000008002f80        0x0 linker stubs

.v4_bx          0x0000000008002f80        0x0
 .v4_bx         0x0000000008002f80        0x0 linker stubs

.iplt           0x0000000008002f80        0x0
 .iplt          0x0000000008002f80        0x0 /Applications/STM32CubeIDE.app/Contents/Eclipse/plugins/com.st.stm32cube.ide.mcu.externaltools.gnu-tools-for-stm32.9-2020-q2-update.macos64_2.0.0.202105311346/tools/bin/../lib/gcc/arm-none-eabi/9.3.1/thumb/v7e-m+fp/hard/crtbegin.o

.rodata         0x0000000008002f80      0x1fc
                0x0000000008002f80                . = ALIGN (0x4)
 *(.rodata)
 .rodata        0x0000000008002f80      0x1bc ./Src/main.o
 *(.rodata*)
 .rodata.AHBPrescTable
                0x000000000800313c       0x10 ./Src/system_stm32l4xx.o
                0x000000000800313c                AHBPrescTable
 .rodata.MSIRangeTable
                0x000000000800314c       0x30 ./Src/system_stm32l4xx.o
                0x000000000800314c                MSIRangeTable
                0x000000000800317c                . = ALIGN (0x4)

.rel.dyn        0x000000000800317c        0x0
 .rel.iplt      0x000000000800317c        0x0 /Applications/STM32CubeIDE.app/Contents/Eclipse/plugins/com.st.stm32cube.ide.mcu.externaltools.gnu-tools-for-stm32.9-2020-q2-update.macos64_2.0.0.202105311346/tools/bin/../lib/gcc/arm-none-eabi/9.3.1/thumb/v7e-m+fp/hard/crtbegin.o

.ARM.extab      0x000000000800317c        0x0
                0x000000000800317c                . = ALIGN (0x4)
 *(.ARM.extab* .gnu.linkonce.armextab.*)
                0x000000000800317c                . = ALIGN (0x4)

.ARM            0x000000000800317c        0x0
                0x000000000800317c                . = ALIGN (0x4)
                0x000000000800317c                __exidx_start = .
 *(.ARM.exidx*)
                0x000000000800317c                __exidx_end = .
                0x000000000800317c                . = ALIGN (0x4)

.preinit_array  0x000000000800317c        0x0
                0x000000000800317c                . = ALIGN (0x4)
                0x000000000800317c                PROVIDE (__preinit_array_start = .)
 *(.preinit_array*)
                0x000000000800317c                PROVIDE (__preinit_array_end = .)
                0x000000000800317c                . = ALIGN (0x4)

.init_array     0x000000000800317c        0x4
                0x000000000800317c                . = ALIGN (0x4)
                0x000000000800317c                PROVIDE (__init_array_start = .)
 *(SORT_BY_NAME(.init_array.*))
 *(.init_array*)
 .init_array    0x000000000800317c        0x4 /Applications/STM32CubeIDE.app/Contents/Eclipse/plugins/com.st.stm32cube.ide.mcu.externaltools.gnu-tools-for-stm32.9-2020-q2-update.macos64_2.0.0.202105311346/tools/bin/../lib/gcc/arm-none-eabi/9.3.1/thumb/v7e-m+fp/hard/crtbegin.o
                0x0000000008003180                PROVIDE (__init_array_end = .)
                0x0000000008003180                . = ALIGN (0x4)

.fini_array     0x0000000008003180        0x4
                0x0000000008003180                . = ALIGN (0x4)
                [!provide]                        PROVIDE (__fini_array_start = .)
 *(SORT_BY_NAME(.fini_array.*))
 *(.fini_array*)
 .fini_array    0x0000000008003180        0x4 /Applications/STM32CubeIDE.app/Contents/Eclipse/plugins/com.st.stm32cube.ide.mcu.externaltools.gnu-tools-for-stm32.9-2020-q2-update.macos64_2.0.0.202105311346/tools/bin/../lib/gcc/arm-none-eabi/9.3.1/thumb/v7e-m+fp/hard/crtbegin.o
                [!provide]                        PROVIDE (__fini_array_end = .)
                0x0000000008003184                . = ALIGN (0x4)
                0x0000000008003184                _sidata = LOADADDR (.data)

.data           0x0000000020000000       0x74 load address 0x0000000008003184
                0x0000000020000000                . = ALIGN (0x4)
                0x0000000020000000                _sdata = .
 *(.data)
 *(.data*)
 .data.uwTickFreq
                0x0000000020000000        0x1 ./Drivers/STM32L4xx_HAL_Driver/Src/stm32l4xx_hal.o
                0x0000000020000000                uwTickFreq
 *fill*         0x0000000020000001        0x3 
 .data.uwTickPrio
                0x0000000020000004        0x4 ./Drivers/STM32L4xx_HAL_Driver/Src/stm32l4xx_hal.o
                0x0000000020000004                uwTickPrio
 .data.SystemCoreClock
                0x0000000020000008        0x4 ./Src/system_stm32l4xx.o
                0x0000000020000008                SystemCoreClock
 .data._impure_ptr
                0x000000002000000c        0x4 /Applications/STM32CubeIDE.app/Contents/Eclipse/plugins/com.st.stm32cube.ide.mcu.externaltools.gnu-tools-for-stm32.9-2020-q2-update.macos64_2.0.0.202105311346/tools/bin/../lib/gcc/arm-none-eabi/9.3.1/../../../../arm-none-eabi/lib/thumb/v7e-m+fp/hard/libc_nano.a(lib_a-impure.o)
                0x000000002000000c                _impure_ptr
 .data.impure_data
                0x0000000020000010       0x60 /Applications/STM32CubeIDE.app/Contents/Eclipse/plugins/com.st.stm32cube.ide.mcu.externaltools.gnu-tools-for-stm32.9-2020-q2-update.macos64_2.0.0.202105311346/tools/bin/../lib/gcc/arm-none-eabi/9.3.1/../../../../arm-none-eabi/lib/thumb/v7e-m+fp/hard/libc_nano.a(lib_a-impure.o)
 .data.__fdlib_version
                0x0000000020000070        0x1 /Applications/STM32CubeIDE.app/Contents/Eclipse/plugins/com.st.stm32cube.ide.mcu.externaltools.gnu-tools-for-stm32.9-2020-q2-update.macos64_2.0.0.202105311346/tools/bin/../lib/gcc/arm-none-eabi/9.3.1/../../../../arm-none-eabi/lib/thumb/v7e-m+fp/hard/libm.a(lib_a-s_lib_ver.o)
                0x0000000020000070                __fdlib_version
 *(.RamFunc)
 *(.RamFunc*)
                0x0000000020000074                . = ALIGN (0x4)
 *fill*         0x0000000020000071        0x3 
                0x0000000020000074                _edata = .

.igot.plt       0x0000000020000074        0x0 load address 0x00000000080031f8
 .igot.plt      0x0000000020000074        0x0 /Applications/STM32CubeIDE.app/Contents/Eclipse/plugins/com.st.stm32cube.ide.mcu.externaltools.gnu-tools-for-stm32.9-2020-q2-update.macos64_2.0.0.202105311346/tools/bin/../lib/gcc/arm-none-eabi/9.3.1/thumb/v7e-m+fp/hard/crtbegin.o
                0x0000000020000074                . = ALIGN (0x4)

.bss            0x0000000020000074       0x20 load address 0x00000000080031f8
                0x0000000020000074                _sbss = .
                0x0000000020000074                __bss_start__ = _sbss
 *(.bss)
 .bss           0x0000000020000074       0x1c /Applications/STM32CubeIDE.app/Contents/Eclipse/plugins/com.st.stm32cube.ide.mcu.externaltools.gnu-tools-for-stm32.9-2020-q2-update.macos64_2.0.0.202105311346/tools/bin/../lib/gcc/arm-none-eabi/9.3.1/thumb/v7e-m+fp/hard/crtbegin.o
 *(.bss*)
 *(COMMON)
 COMMON         0x0000000020000090        0x4 ./Drivers/STM32L4xx_HAL_Driver/Src/stm32l4xx_hal.o
                0x0000000020000090                uwTick
                0x0000000020000094                . = ALIGN (0x4)
                0x0000000020000094                _ebss = .
                0x0000000020000094                __bss_end__ = _ebss

._user_heap_stack
                0x0000000020000094      0x604 load address 0x00000000080031f8
                0x0000000020000098                . = ALIGN (0x8)
 *fill*         0x0000000020000094        0x4 
                [!provide]                        PROVIDE (end = .)
                0x0000000020000098                PROVIDE (_end = .)
                0x0000000020000298                . = (. + _Min_Heap_Size)
 *fill*         0x0000000020000098      0x200 
                0x0000000020000698                . = (. + _Min_Stack_Size)
 *fill*         0x0000000020000298      0x400 
                0x0000000020000698                . = ALIGN (0x8)

/DISCARD/
 libc.a(*)
 libm.a(*)
 libgcc.a(*)

.ARM.attributes
                0x0000000000000000       0x30
 *(.ARM.attributes)
 .ARM.attributes
                0x0000000000000000       0x1e /Applications/STM32CubeIDE.app/Contents/Eclipse/plugins/com.st.stm32cube.ide.mcu.externaltools.gnu-tools-for-stm32.9-2020-q2-update.macos64_2.0.0.202105311346/tools/bin/../lib/gcc/arm-none-eabi/9.3.1/thumb/v7e-m+fp/hard/crti.o
 .ARM.attributes
                0x000000000000001e       0x34 /Applications/STM32CubeIDE.app/Contents/Eclipse/plugins/com.st.stm32cube.ide.mcu.externaltools.gnu-tools-for-stm32.9-2020-q2-update.macos64_2.0.0.202105311346/tools/bin/../lib/gcc/arm-none-eabi/9.3.1/thumb/v7e-m+fp/hard/crtbegin.o
 .ARM.attributes
                0x0000000000000052       0x34 ./Drivers/STM32L4xx_HAL_Driver/Src/stm32l4xx_hal.o
 .ARM.attributes
                0x0000000000000086       0x34 ./Drivers/STM32L4xx_HAL_Driver/Src/stm32l4xx_hal_cortex.o
 .ARM.attributes
                0x00000000000000ba       0x34 ./Drivers/STM32L4xx_HAL_Driver/Src/stm32l4xx_hal_pwr_ex.o
 .ARM.attributes
                0x00000000000000ee       0x34 ./Drivers/STM32L4xx_HAL_Driver/Src/stm32l4xx_hal_rcc.o
 .ARM.attributes
                0x0000000000000122       0x34 ./Src/KalmanFilter.o
 .ARM.attributes
                0x0000000000000156       0x20 ./Src/kalman.o
 .ARM.attributes
                0x0000000000000176       0x34 ./Src/main.o
 .ARM.attributes
                0x00000000000001aa       0x34 ./Src/stm32l4xx_hal_msp.o
 .ARM.attributes
                0x00000000000001de       0x34 ./Src/stm32l4xx_it.o
 .ARM.attributes
                0x0000000000000212       0x34 ./Src/system_stm32l4xx.o
 .ARM.attributes
                0x0000000000000246       0x34 ./Src/vector_operations.o
 .ARM.attributes
                0x000000000000027a       0x21 ./Startup/startup_stm32l4s5vitx.o
 .ARM.attributes
                0x000000000000029b       0x34 /Users/bowencui/Documents/444lab/ecse444_w2022_group18/lab1/lib/libarm_cortexM4lf_math.a(arm_std_f32.o)
 .ARM.attributes
                0x00000000000002cf       0x34 /Users/bowencui/Documents/444lab/ecse444_w2022_group18/lab1/lib/libarm_cortexM4lf_math.a(arm_mean_f32.o)
 .ARM.attributes
                0x0000000000000303       0x34 /Users/bowencui/Documents/444lab/ecse444_w2022_group18/lab1/lib/libarm_cortexM4lf_math.a(arm_correlate_f32.o)
 .ARM.attributes
                0x0000000000000337       0x34 /Users/bowencui/Documents/444lab/ecse444_w2022_group18/lab1/lib/libarm_cortexM4lf_math.a(arm_conv_f32.o)
 .ARM.attributes
                0x000000000000036b       0x34 /Users/bowencui/Documents/444lab/ecse444_w2022_group18/lab1/lib/libarm_cortexM4lf_math.a(arm_sub_f32.o)
 .ARM.attributes
                0x000000000000039f       0x34 /Users/bowencui/Documents/444lab/ecse444_w2022_group18/lab1/lib/libarm_cortexM4lf_math.a(arm_mult_f32.o)
 .ARM.attributes
                0x00000000000003d3       0x34 /Users/bowencui/Documents/444lab/ecse444_w2022_group18/lab1/lib/libarm_cortexM4lf_math.a(arm_add_f32.o)
 .ARM.attributes
                0x0000000000000407       0x34 /Applications/STM32CubeIDE.app/Contents/Eclipse/plugins/com.st.stm32cube.ide.mcu.externaltools.gnu-tools-for-stm32.9-2020-q2-update.macos64_2.0.0.202105311346/tools/bin/../lib/gcc/arm-none-eabi/9.3.1/../../../../arm-none-eabi/lib/thumb/v7e-m+fp/hard/libc_nano.a(lib_a-errno.o)
 .ARM.attributes
                0x000000000000043b       0x32 /Applications/STM32CubeIDE.app/Contents/Eclipse/plugins/com.st.stm32cube.ide.mcu.externaltools.gnu-tools-for-stm32.9-2020-q2-update.macos64_2.0.0.202105311346/tools/bin/../lib/gcc/arm-none-eabi/9.3.1/../../../../arm-none-eabi/lib/thumb/v7e-m+fp/hard/libc_nano.a(lib_a-impure.o)
 .ARM.attributes
                0x000000000000046d       0x34 /Applications/STM32CubeIDE.app/Contents/Eclipse/plugins/com.st.stm32cube.ide.mcu.externaltools.gnu-tools-for-stm32.9-2020-q2-update.macos64_2.0.0.202105311346/tools/bin/../lib/gcc/arm-none-eabi/9.3.1/../../../../arm-none-eabi/lib/thumb/v7e-m+fp/hard/libc_nano.a(lib_a-init.o)
 .ARM.attributes
                0x00000000000004a1       0x34 /Applications/STM32CubeIDE.app/Contents/Eclipse/plugins/com.st.stm32cube.ide.mcu.externaltools.gnu-tools-for-stm32.9-2020-q2-update.macos64_2.0.0.202105311346/tools/bin/../lib/gcc/arm-none-eabi/9.3.1/../../../../arm-none-eabi/lib/thumb/v7e-m+fp/hard/libc_nano.a(lib_a-memcpy-stub.o)
 .ARM.attributes
                0x00000000000004d5       0x34 /Applications/STM32CubeIDE.app/Contents/Eclipse/plugins/com.st.stm32cube.ide.mcu.externaltools.gnu-tools-for-stm32.9-2020-q2-update.macos64_2.0.0.202105311346/tools/bin/../lib/gcc/arm-none-eabi/9.3.1/../../../../arm-none-eabi/lib/thumb/v7e-m+fp/hard/libc_nano.a(lib_a-memset.o)
 .ARM.attributes
                0x0000000000000509       0x34 /Applications/STM32CubeIDE.app/Contents/Eclipse/plugins/com.st.stm32cube.ide.mcu.externaltools.gnu-tools-for-stm32.9-2020-q2-update.macos64_2.0.0.202105311346/tools/bin/../lib/gcc/arm-none-eabi/9.3.1/../../../../arm-none-eabi/lib/thumb/v7e-m+fp/hard/libm.a(lib_a-w_sqrt.o)
 .ARM.attributes
                0x000000000000053d       0x34 /Applications/STM32CubeIDE.app/Contents/Eclipse/plugins/com.st.stm32cube.ide.mcu.externaltools.gnu-tools-for-stm32.9-2020-q2-update.macos64_2.0.0.202105311346/tools/bin/../lib/gcc/arm-none-eabi/9.3.1/../../../../arm-none-eabi/lib/thumb/v7e-m+fp/hard/libm.a(lib_a-wf_sqrt.o)
 .ARM.attributes
                0x0000000000000571       0x34 /Applications/STM32CubeIDE.app/Contents/Eclipse/plugins/com.st.stm32cube.ide.mcu.externaltools.gnu-tools-for-stm32.9-2020-q2-update.macos64_2.0.0.202105311346/tools/bin/../lib/gcc/arm-none-eabi/9.3.1/../../../../arm-none-eabi/lib/thumb/v7e-m+fp/hard/libm.a(lib_a-e_sqrt.o)
 .ARM.attributes
                0x00000000000005a5       0x34 /Applications/STM32CubeIDE.app/Contents/Eclipse/plugins/com.st.stm32cube.ide.mcu.externaltools.gnu-tools-for-stm32.9-2020-q2-update.macos64_2.0.0.202105311346/tools/bin/../lib/gcc/arm-none-eabi/9.3.1/../../../../arm-none-eabi/lib/thumb/v7e-m+fp/hard/libm.a(lib_a-ef_sqrt.o)
 .ARM.attributes
                0x00000000000005d9       0x32 /Applications/STM32CubeIDE.app/Contents/Eclipse/plugins/com.st.stm32cube.ide.mcu.externaltools.gnu-tools-for-stm32.9-2020-q2-update.macos64_2.0.0.202105311346/tools/bin/../lib/gcc/arm-none-eabi/9.3.1/../../../../arm-none-eabi/lib/thumb/v7e-m+fp/hard/libm.a(lib_a-s_lib_ver.o)
 .ARM.attributes
                0x000000000000060b       0x1e /Applications/STM32CubeIDE.app/Contents/Eclipse/plugins/com.st.stm32cube.ide.mcu.externaltools.gnu-tools-for-stm32.9-2020-q2-update.macos64_2.0.0.202105311346/tools/bin/../lib/gcc/arm-none-eabi/9.3.1/thumb/v7e-m+fp/hard/libgcc.a(_arm_addsubdf3.o)
 .ARM.attributes
                0x0000000000000629       0x1e /Applications/STM32CubeIDE.app/Contents/Eclipse/plugins/com.st.stm32cube.ide.mcu.externaltools.gnu-tools-for-stm32.9-2020-q2-update.macos64_2.0.0.202105311346/tools/bin/../lib/gcc/arm-none-eabi/9.3.1/thumb/v7e-m+fp/hard/libgcc.a(_arm_muldivdf3.o)
 .ARM.attributes
                0x0000000000000647       0x1e /Applications/STM32CubeIDE.app/Contents/Eclipse/plugins/com.st.stm32cube.ide.mcu.externaltools.gnu-tools-for-stm32.9-2020-q2-update.macos64_2.0.0.202105311346/tools/bin/../lib/gcc/arm-none-eabi/9.3.1/thumb/v7e-m+fp/hard/libgcc.a(_arm_cmpdf2.o)
 .ARM.attributes
                0x0000000000000665       0x1e /Applications/STM32CubeIDE.app/Contents/Eclipse/plugins/com.st.stm32cube.ide.mcu.externaltools.gnu-tools-for-stm32.9-2020-q2-update.macos64_2.0.0.202105311346/tools/bin/../lib/gcc/arm-none-eabi/9.3.1/thumb/v7e-m+fp/hard/libgcc.a(_arm_unorddf2.o)
 .ARM.attributes
                0x0000000000000683       0x1e /Applications/STM32CubeIDE.app/Contents/Eclipse/plugins/com.st.stm32cube.ide.mcu.externaltools.gnu-tools-for-stm32.9-2020-q2-update.macos64_2.0.0.202105311346/tools/bin/../lib/gcc/arm-none-eabi/9.3.1/thumb/v7e-m+fp/hard/libgcc.a(_arm_truncdfsf2.o)
 .ARM.attributes
                0x00000000000006a1       0x1e /Applications/STM32CubeIDE.app/Contents/Eclipse/plugins/com.st.stm32cube.ide.mcu.externaltools.gnu-tools-for-stm32.9-2020-q2-update.macos64_2.0.0.202105311346/tools/bin/../lib/gcc/arm-none-eabi/9.3.1/thumb/v7e-m+fp/hard/crtn.o
OUTPUT(lab1_group18.elf elf32-littlearm)
LOAD linker stubs
LOAD /Applications/STM32CubeIDE.app/Contents/Eclipse/plugins/com.st.stm32cube.ide.mcu.externaltools.gnu-tools-for-stm32.9-2020-q2-update.macos64_2.0.0.202105311346/tools/bin/../lib/gcc/arm-none-eabi/9.3.1/../../../../arm-none-eabi/lib/thumb/v7e-m+fp/hard/libc.a
LOAD /Applications/STM32CubeIDE.app/Contents/Eclipse/plugins/com.st.stm32cube.ide.mcu.externaltools.gnu-tools-for-stm32.9-2020-q2-update.macos64_2.0.0.202105311346/tools/bin/../lib/gcc/arm-none-eabi/9.3.1/../../../../arm-none-eabi/lib/thumb/v7e-m+fp/hard/libm.a
LOAD /Applications/STM32CubeIDE.app/Contents/Eclipse/plugins/com.st.stm32cube.ide.mcu.externaltools.gnu-tools-for-stm32.9-2020-q2-update.macos64_2.0.0.202105311346/tools/bin/../lib/gcc/arm-none-eabi/9.3.1/thumb/v7e-m+fp/hard/libgcc.a

.debug_info     0x0000000000000000     0xe5df
 .debug_info    0x0000000000000000      0xe05 ./Drivers/STM32L4xx_HAL_Driver/Src/stm32l4xx_hal.o
 .debug_info    0x0000000000000e05     0x12c9 ./Drivers/STM32L4xx_HAL_Driver/Src/stm32l4xx_hal_cortex.o
 .debug_info    0x00000000000020ce      0xd2d ./Drivers/STM32L4xx_HAL_Driver/Src/stm32l4xx_hal_pwr_ex.o
 .debug_info    0x0000000000002dfb     0x12b3 ./Drivers/STM32L4xx_HAL_Driver/Src/stm32l4xx_hal_rcc.o
 .debug_info    0x00000000000040ae      0xd6b ./Src/KalmanFilter.o
 .debug_info    0x0000000000004e19       0x26 ./Src/kalman.o
 .debug_info    0x0000000000004e3f     0x175a ./Src/main.o
 .debug_info    0x0000000000006599      0xe5a ./Src/stm32l4xx_hal_msp.o
 .debug_info    0x00000000000073f3      0xc6b ./Src/stm32l4xx_it.o
 .debug_info    0x000000000000805e      0x7c8 ./Src/system_stm32l4xx.o
 .debug_info    0x0000000000008826      0xc0a ./Src/vector_operations.o
 .debug_info    0x0000000000009430       0x22 ./Startup/startup_stm32l4s5vitx.o
 .debug_info    0x0000000000009452      0xc13 /Users/bowencui/Documents/444lab/ecse444_w2022_group18/lab1/lib/libarm_cortexM4lf_math.a(arm_std_f32.o)
 .debug_info    0x000000000000a065      0xae8 /Users/bowencui/Documents/444lab/ecse444_w2022_group18/lab1/lib/libarm_cortexM4lf_math.a(arm_mean_f32.o)
 .debug_info    0x000000000000ab4d      0xcf5 /Users/bowencui/Documents/444lab/ecse444_w2022_group18/lab1/lib/libarm_cortexM4lf_math.a(arm_correlate_f32.o)
 .debug_info    0x000000000000b842      0xcc1 /Users/bowencui/Documents/444lab/ecse444_w2022_group18/lab1/lib/libarm_cortexM4lf_math.a(arm_conv_f32.o)
 .debug_info    0x000000000000c503      0xaf4 /Users/bowencui/Documents/444lab/ecse444_w2022_group18/lab1/lib/libarm_cortexM4lf_math.a(arm_sub_f32.o)
 .debug_info    0x000000000000cff7      0xaf4 /Users/bowencui/Documents/444lab/ecse444_w2022_group18/lab1/lib/libarm_cortexM4lf_math.a(arm_mult_f32.o)
 .debug_info    0x000000000000daeb      0xaf4 /Users/bowencui/Documents/444lab/ecse444_w2022_group18/lab1/lib/libarm_cortexM4lf_math.a(arm_add_f32.o)

.debug_abbrev   0x0000000000000000     0x275a
 .debug_abbrev  0x0000000000000000      0x24d ./Drivers/STM32L4xx_HAL_Driver/Src/stm32l4xx_hal.o
 .debug_abbrev  0x000000000000024d      0x37a ./Drivers/STM32L4xx_HAL_Driver/Src/stm32l4xx_hal_cortex.o
 .debug_abbrev  0x00000000000005c7      0x22b ./Drivers/STM32L4xx_HAL_Driver/Src/stm32l4xx_hal_pwr_ex.o
 .debug_abbrev  0x00000000000007f2      0x2e0 ./Drivers/STM32L4xx_HAL_Driver/Src/stm32l4xx_hal_rcc.o
 .debug_abbrev  0x0000000000000ad2      0x25a ./Src/KalmanFilter.o
 .debug_abbrev  0x0000000000000d2c       0x14 ./Src/kalman.o
 .debug_abbrev  0x0000000000000d40      0x379 ./Src/main.o
 .debug_abbrev  0x00000000000010b9      0x209 ./Src/stm32l4xx_hal_msp.o
 .debug_abbrev  0x00000000000012c2      0x20f ./Src/stm32l4xx_it.o
 .debug_abbrev  0x00000000000014d1      0x16b ./Src/system_stm32l4xx.o
 .debug_abbrev  0x000000000000163c      0x2a8 ./Src/vector_operations.o
 .debug_abbrev  0x00000000000018e4       0x12 ./Startup/startup_stm32l4s5vitx.o
 .debug_abbrev  0x00000000000018f6      0x286 /Users/bowencui/Documents/444lab/ecse444_w2022_group18/lab1/lib/libarm_cortexM4lf_math.a(arm_std_f32.o)
 .debug_abbrev  0x0000000000001b7c      0x210 /Users/bowencui/Documents/444lab/ecse444_w2022_group18/lab1/lib/libarm_cortexM4lf_math.a(arm_mean_f32.o)
 .debug_abbrev  0x0000000000001d8c      0x1ff /Users/bowencui/Documents/444lab/ecse444_w2022_group18/lab1/lib/libarm_cortexM4lf_math.a(arm_correlate_f32.o)
 .debug_abbrev  0x0000000000001f8b      0x20e /Users/bowencui/Documents/444lab/ecse444_w2022_group18/lab1/lib/libarm_cortexM4lf_math.a(arm_conv_f32.o)
 .debug_abbrev  0x0000000000002199      0x1eb /Users/bowencui/Documents/444lab/ecse444_w2022_group18/lab1/lib/libarm_cortexM4lf_math.a(arm_sub_f32.o)
 .debug_abbrev  0x0000000000002384      0x1eb /Users/bowencui/Documents/444lab/ecse444_w2022_group18/lab1/lib/libarm_cortexM4lf_math.a(arm_mult_f32.o)
 .debug_abbrev  0x000000000000256f      0x1eb /Users/bowencui/Documents/444lab/ecse444_w2022_group18/lab1/lib/libarm_cortexM4lf_math.a(arm_add_f32.o)

.debug_loc      0x0000000000000000     0x5baf
 .debug_loc     0x0000000000000000      0x1ef ./Drivers/STM32L4xx_HAL_Driver/Src/stm32l4xx_hal.o
 .debug_loc     0x00000000000001ef      0x630 ./Drivers/STM32L4xx_HAL_Driver/Src/stm32l4xx_hal_cortex.o
 .debug_loc     0x000000000000081f      0xbfb ./Drivers/STM32L4xx_HAL_Driver/Src/stm32l4xx_hal_pwr_ex.o
 .debug_loc     0x000000000000141a      0xb1f ./Drivers/STM32L4xx_HAL_Driver/Src/stm32l4xx_hal_rcc.o
 .debug_loc     0x0000000000001f39      0x292 ./Src/KalmanFilter.o
 .debug_loc     0x00000000000021cb      0x188 ./Src/main.o
 .debug_loc     0x0000000000002353      0x125 ./Src/system_stm32l4xx.o
 .debug_loc     0x0000000000002478      0x318 ./Src/vector_operations.o
 .debug_loc     0x0000000000002790      0x5c9 /Users/bowencui/Documents/444lab/ecse444_w2022_group18/lab1/lib/libarm_cortexM4lf_math.a(arm_std_f32.o)
 .debug_loc     0x0000000000002d59      0x177 /Users/bowencui/Documents/444lab/ecse444_w2022_group18/lab1/lib/libarm_cortexM4lf_math.a(arm_mean_f32.o)
 .debug_loc     0x0000000000002ed0     0x133d /Users/bowencui/Documents/444lab/ecse444_w2022_group18/lab1/lib/libarm_cortexM4lf_math.a(arm_correlate_f32.o)
 .debug_loc     0x000000000000420d     0x1363 /Users/bowencui/Documents/444lab/ecse444_w2022_group18/lab1/lib/libarm_cortexM4lf_math.a(arm_conv_f32.o)
 .debug_loc     0x0000000000005570      0x215 /Users/bowencui/Documents/444lab/ecse444_w2022_group18/lab1/lib/libarm_cortexM4lf_math.a(arm_sub_f32.o)
 .debug_loc     0x0000000000005785      0x215 /Users/bowencui/Documents/444lab/ecse444_w2022_group18/lab1/lib/libarm_cortexM4lf_math.a(arm_mult_f32.o)
 .debug_loc     0x000000000000599a      0x215 /Users/bowencui/Documents/444lab/ecse444_w2022_group18/lab1/lib/libarm_cortexM4lf_math.a(arm_add_f32.o)

.debug_aranges  0x0000000000000000      0x658
 .debug_aranges
                0x0000000000000000      0x130 ./Drivers/STM32L4xx_HAL_Driver/Src/stm32l4xx_hal.o
 .debug_aranges
                0x0000000000000130       0xa8 ./Drivers/STM32L4xx_HAL_Driver/Src/stm32l4xx_hal_cortex.o
 .debug_aranges
                0x00000000000001d8      0x170 ./Drivers/STM32L4xx_HAL_Driver/Src/stm32l4xx_hal_pwr_ex.o
 .debug_aranges
                0x0000000000000348       0x90 ./Drivers/STM32L4xx_HAL_Driver/Src/stm32l4xx_hal_rcc.o
 .debug_aranges
                0x00000000000003d8       0x40 ./Src/KalmanFilter.o
 .debug_aranges
                0x0000000000000418       0x20 ./Src/kalman.o
 .debug_aranges
                0x0000000000000438       0x30 ./Src/main.o
 .debug_aranges
                0x0000000000000468       0x20 ./Src/stm32l4xx_hal_msp.o
 .debug_aranges
                0x0000000000000488       0x60 ./Src/stm32l4xx_it.o
 .debug_aranges
                0x00000000000004e8       0x28 ./Src/system_stm32l4xx.o
 .debug_aranges
                0x0000000000000510       0x40 ./Src/vector_operations.o
 .debug_aranges
                0x0000000000000550       0x28 ./Startup/startup_stm32l4s5vitx.o
 .debug_aranges
                0x0000000000000578       0x20 /Users/bowencui/Documents/444lab/ecse444_w2022_group18/lab1/lib/libarm_cortexM4lf_math.a(arm_std_f32.o)
 .debug_aranges
                0x0000000000000598       0x20 /Users/bowencui/Documents/444lab/ecse444_w2022_group18/lab1/lib/libarm_cortexM4lf_math.a(arm_mean_f32.o)
 .debug_aranges
                0x00000000000005b8       0x20 /Users/bowencui/Documents/444lab/ecse444_w2022_group18/lab1/lib/libarm_cortexM4lf_math.a(arm_correlate_f32.o)
 .debug_aranges
                0x00000000000005d8       0x20 /Users/bowencui/Documents/444lab/ecse444_w2022_group18/lab1/lib/libarm_cortexM4lf_math.a(arm_conv_f32.o)
 .debug_aranges
                0x00000000000005f8       0x20 /Users/bowencui/Documents/444lab/ecse444_w2022_group18/lab1/lib/libarm_cortexM4lf_math.a(arm_sub_f32.o)
 .debug_aranges
                0x0000000000000618       0x20 /Users/bowencui/Documents/444lab/ecse444_w2022_group18/lab1/lib/libarm_cortexM4lf_math.a(arm_mult_f32.o)
 .debug_aranges
                0x0000000000000638       0x20 /Users/bowencui/Documents/444lab/ecse444_w2022_group18/lab1/lib/libarm_cortexM4lf_math.a(arm_add_f32.o)

.debug_ranges   0x0000000000000000      0x678
 .debug_ranges  0x0000000000000000      0x120 ./Drivers/STM32L4xx_HAL_Driver/Src/stm32l4xx_hal.o
 .debug_ranges  0x0000000000000120       0xc8 ./Drivers/STM32L4xx_HAL_Driver/Src/stm32l4xx_hal_cortex.o
 .debug_ranges  0x00000000000001e8      0x160 ./Drivers/STM32L4xx_HAL_Driver/Src/stm32l4xx_hal_pwr_ex.o
 .debug_ranges  0x0000000000000348       0xb0 ./Drivers/STM32L4xx_HAL_Driver/Src/stm32l4xx_hal_rcc.o
 .debug_ranges  0x00000000000003f8       0x30 ./Src/KalmanFilter.o
 .debug_ranges  0x0000000000000428       0x88 ./Src/main.o
 .debug_ranges  0x00000000000004b0       0x10 ./Src/stm32l4xx_hal_msp.o
 .debug_ranges  0x00000000000004c0       0x50 ./Src/stm32l4xx_it.o
 .debug_ranges  0x0000000000000510       0x18 ./Src/system_stm32l4xx.o
 .debug_ranges  0x0000000000000528       0xa8 ./Src/vector_operations.o
 .debug_ranges  0x00000000000005d0       0x20 ./Startup/startup_stm32l4s5vitx.o
 .debug_ranges  0x00000000000005f0       0x28 /Users/bowencui/Documents/444lab/ecse444_w2022_group18/lab1/lib/libarm_cortexM4lf_math.a(arm_std_f32.o)
 .debug_ranges  0x0000000000000618       0x10 /Users/bowencui/Documents/444lab/ecse444_w2022_group18/lab1/lib/libarm_cortexM4lf_math.a(arm_mean_f32.o)
 .debug_ranges  0x0000000000000628       0x10 /Users/bowencui/Documents/444lab/ecse444_w2022_group18/lab1/lib/libarm_cortexM4lf_math.a(arm_correlate_f32.o)
 .debug_ranges  0x0000000000000638       0x10 /Users/bowencui/Documents/444lab/ecse444_w2022_group18/lab1/lib/libarm_cortexM4lf_math.a(arm_conv_f32.o)
 .debug_ranges  0x0000000000000648       0x10 /Users/bowencui/Documents/444lab/ecse444_w2022_group18/lab1/lib/libarm_cortexM4lf_math.a(arm_sub_f32.o)
 .debug_ranges  0x0000000000000658       0x10 /Users/bowencui/Documents/444lab/ecse444_w2022_group18/lab1/lib/libarm_cortexM4lf_math.a(arm_mult_f32.o)
 .debug_ranges  0x0000000000000668       0x10 /Users/bowencui/Documents/444lab/ecse444_w2022_group18/lab1/lib/libarm_cortexM4lf_math.a(arm_add_f32.o)

.debug_macro    0x0000000000000000    0x292e2
 .debug_macro   0x0000000000000000      0x20d ./Drivers/STM32L4xx_HAL_Driver/Src/stm32l4xx_hal.o
 .debug_macro   0x000000000000020d      0xaa8 ./Drivers/STM32L4xx_HAL_Driver/Src/stm32l4xx_hal.o
 .debug_macro   0x0000000000000cb5      0x1a1 ./Drivers/STM32L4xx_HAL_Driver/Src/stm32l4xx_hal.o
 .debug_macro   0x0000000000000e56       0x2e ./Drivers/STM32L4xx_HAL_Driver/Src/stm32l4xx_hal.o
 .debug_macro   0x0000000000000e84       0x28 ./Drivers/STM32L4xx_HAL_Driver/Src/stm32l4xx_hal.o
 .debug_macro   0x0000000000000eac       0x22 ./Drivers/STM32L4xx_HAL_Driver/Src/stm32l4xx_hal.o
 .debug_macro   0x0000000000000ece       0x8e ./Drivers/STM32L4xx_HAL_Driver/Src/stm32l4xx_hal.o
 .debug_macro   0x0000000000000f5c       0x51 ./Drivers/STM32L4xx_HAL_Driver/Src/stm32l4xx_hal.o
 .debug_macro   0x0000000000000fad      0x103 ./Drivers/STM32L4xx_HAL_Driver/Src/stm32l4xx_hal.o
 .debug_macro   0x00000000000010b0       0x6a ./Drivers/STM32L4xx_HAL_Driver/Src/stm32l4xx_hal.o
 .debug_macro   0x000000000000111a      0x1df ./Drivers/STM32L4xx_HAL_Driver/Src/stm32l4xx_hal.o
 .debug_macro   0x00000000000012f9       0x1c ./Drivers/STM32L4xx_HAL_Driver/Src/stm32l4xx_hal.o
 .debug_macro   0x0000000000001315       0x22 ./Drivers/STM32L4xx_HAL_Driver/Src/stm32l4xx_hal.o
 .debug_macro   0x0000000000001337      0x101 ./Drivers/STM32L4xx_HAL_Driver/Src/stm32l4xx_hal.o
 .debug_macro   0x0000000000001438     0x1011 ./Drivers/STM32L4xx_HAL_Driver/Src/stm32l4xx_hal.o
 .debug_macro   0x0000000000002449      0x11f ./Drivers/STM32L4xx_HAL_Driver/Src/stm32l4xx_hal.o
 .debug_macro   0x0000000000002568    0x1d292 ./Drivers/STM32L4xx_HAL_Driver/Src/stm32l4xx_hal.o
 .debug_macro   0x000000000001f7fa       0x6d ./Drivers/STM32L4xx_HAL_Driver/Src/stm32l4xx_hal.o
 .debug_macro   0x000000000001f867     0x38e9 ./Drivers/STM32L4xx_HAL_Driver/Src/stm32l4xx_hal.o
 .debug_macro   0x0000000000023150      0x174 ./Drivers/STM32L4xx_HAL_Driver/Src/stm32l4xx_hal.o
 .debug_macro   0x00000000000232c4       0x5c ./Drivers/STM32L4xx_HAL_Driver/Src/stm32l4xx_hal.o
 .debug_macro   0x0000000000023320     0x1910 ./Drivers/STM32L4xx_HAL_Driver/Src/stm32l4xx_hal.o
 .debug_macro   0x0000000000024c30      0x7dc ./Drivers/STM32L4xx_HAL_Driver/Src/stm32l4xx_hal.o
 .debug_macro   0x000000000002540c      0x1b9 ./Drivers/STM32L4xx_HAL_Driver/Src/stm32l4xx_hal.o
 .debug_macro   0x00000000000255c5      0x225 ./Drivers/STM32L4xx_HAL_Driver/Src/stm32l4xx_hal.o
 .debug_macro   0x00000000000257ea      0x486 ./Drivers/STM32L4xx_HAL_Driver/Src/stm32l4xx_hal.o
 .debug_macro   0x0000000000025c70      0x1ce ./Drivers/STM32L4xx_HAL_Driver/Src/stm32l4xx_hal.o
 .debug_macro   0x0000000000025e3e       0x43 ./Drivers/STM32L4xx_HAL_Driver/Src/stm32l4xx_hal.o
 .debug_macro   0x0000000000025e81      0x23d ./Drivers/STM32L4xx_HAL_Driver/Src/stm32l4xx_hal.o
 .debug_macro   0x00000000000260be      0x241 ./Drivers/STM32L4xx_HAL_Driver/Src/stm32l4xx_hal.o
 .debug_macro   0x00000000000262ff      0x416 ./Drivers/STM32L4xx_HAL_Driver/Src/stm32l4xx_hal.o
 .debug_macro   0x0000000000026715       0x1c ./Drivers/STM32L4xx_HAL_Driver/Src/stm32l4xx_hal.o
 .debug_macro   0x0000000000026731       0xf2 ./Drivers/STM32L4xx_HAL_Driver/Src/stm32l4xx_hal.o
 .debug_macro   0x0000000000026823      0x22c ./Drivers/STM32L4xx_HAL_Driver/Src/stm32l4xx_hal.o
 .debug_macro   0x0000000000026a4f       0x61 ./Drivers/STM32L4xx_HAL_Driver/Src/stm32l4xx_hal.o
 .debug_macro   0x0000000000026ab0       0xa5 ./Drivers/STM32L4xx_HAL_Driver/Src/stm32l4xx_hal.o
 .debug_macro   0x0000000000026b55      0x122 ./Drivers/STM32L4xx_HAL_Driver/Src/stm32l4xx_hal.o
 .debug_macro   0x0000000000026c77      0x3f6 ./Drivers/STM32L4xx_HAL_Driver/Src/stm32l4xx_hal.o
 .debug_macro   0x000000000002706d      0x432 ./Drivers/STM32L4xx_HAL_Driver/Src/stm32l4xx_hal.o
 .debug_macro   0x000000000002749f      0x1bf ./Drivers/STM32L4xx_HAL_Driver/Src/stm32l4xx_hal_cortex.o
 .debug_macro   0x000000000002765e      0x1e9 ./Drivers/STM32L4xx_HAL_Driver/Src/stm32l4xx_hal_pwr_ex.o
 .debug_macro   0x0000000000027847      0x201 ./Drivers/STM32L4xx_HAL_Driver/Src/stm32l4xx_hal_rcc.o
 .debug_macro   0x0000000000027a48      0x187 ./Src/KalmanFilter.o
 .debug_macro   0x0000000000027bcf       0x52 ./Src/KalmanFilter.o
 .debug_macro   0x0000000000027c21       0x18 ./Src/KalmanFilter.o
 .debug_macro   0x0000000000027c39       0x3c ./Src/KalmanFilter.o
 .debug_macro   0x0000000000027c75       0x34 ./Src/KalmanFilter.o
 .debug_macro   0x0000000000027ca9       0x16 ./Src/KalmanFilter.o
 .debug_macro   0x0000000000027cbf       0x43 ./Src/KalmanFilter.o
 .debug_macro   0x0000000000027d02       0x34 ./Src/KalmanFilter.o
 .debug_macro   0x0000000000027d36       0x10 ./Src/KalmanFilter.o
 .debug_macro   0x0000000000027d46       0x58 ./Src/KalmanFilter.o
 .debug_macro   0x0000000000027d9e       0x71 ./Src/KalmanFilter.o
 .debug_macro   0x0000000000027e0f       0x1c ./Src/KalmanFilter.o
 .debug_macro   0x0000000000027e2b      0x12a ./Src/KalmanFilter.o
 .debug_macro   0x0000000000027f55      0x333 ./Src/KalmanFilter.o
 .debug_macro   0x0000000000028288       0x10 ./Src/KalmanFilter.o
 .debug_macro   0x0000000000028298       0x35 ./Src/KalmanFilter.o
 .debug_macro   0x00000000000282cd       0x20 ./Src/KalmanFilter.o
 .debug_macro   0x00000000000282ed      0x1a9 ./Src/KalmanFilter.o
 .debug_macro   0x0000000000028496      0x201 ./Src/KalmanFilter.o
 .debug_macro   0x0000000000028697       0xc8 ./Src/KalmanFilter.o
 .debug_macro   0x000000000002875f      0x2ee ./Src/main.o
 .debug_macro   0x0000000000028a4d       0x10 ./Src/main.o
 .debug_macro   0x0000000000028a5d      0x2e8 ./Src/stm32l4xx_hal_msp.o
 .debug_macro   0x0000000000028d45      0x2f2 ./Src/stm32l4xx_it.o
 .debug_macro   0x0000000000029037      0x1bf ./Src/system_stm32l4xx.o
 .debug_macro   0x00000000000291f6       0xec ./Src/vector_operations.o

.debug_line     0x0000000000000000     0x945d
 .debug_line    0x0000000000000000      0xb7b ./Drivers/STM32L4xx_HAL_Driver/Src/stm32l4xx_hal.o
 .debug_line    0x0000000000000b7b      0xc5e ./Drivers/STM32L4xx_HAL_Driver/Src/stm32l4xx_hal_cortex.o
 .debug_line    0x00000000000017d9     0x10b2 ./Drivers/STM32L4xx_HAL_Driver/Src/stm32l4xx_hal_pwr_ex.o
 .debug_line    0x000000000000288b     0x1497 ./Drivers/STM32L4xx_HAL_Driver/Src/stm32l4xx_hal_rcc.o
 .debug_line    0x0000000000003d22      0x76c ./Src/KalmanFilter.o
 .debug_line    0x000000000000448e       0x53 ./Src/kalman.o
 .debug_line    0x00000000000044e1      0xb60 ./Src/main.o
 .debug_line    0x0000000000005041      0x8a3 ./Src/stm32l4xx_hal_msp.o
 .debug_line    0x00000000000058e4      0x998 ./Src/stm32l4xx_it.o
 .debug_line    0x000000000000627c      0x7d0 ./Src/system_stm32l4xx.o
 .debug_line    0x0000000000006a4c      0x728 ./Src/vector_operations.o
 .debug_line    0x0000000000007174       0x83 ./Startup/startup_stm32l4s5vitx.o
 .debug_line    0x00000000000071f7      0x3c5 /Users/bowencui/Documents/444lab/ecse444_w2022_group18/lab1/lib/libarm_cortexM4lf_math.a(arm_std_f32.o)
 .debug_line    0x00000000000075bc      0x2d9 /Users/bowencui/Documents/444lab/ecse444_w2022_group18/lab1/lib/libarm_cortexM4lf_math.a(arm_mean_f32.o)
 .debug_line    0x0000000000007895      0x9e6 /Users/bowencui/Documents/444lab/ecse444_w2022_group18/lab1/lib/libarm_cortexM4lf_math.a(arm_correlate_f32.o)
 .debug_line    0x000000000000827b      0x944 /Users/bowencui/Documents/444lab/ecse444_w2022_group18/lab1/lib/libarm_cortexM4lf_math.a(arm_conv_f32.o)
 .debug_line    0x0000000000008bbf      0x2df /Users/bowencui/Documents/444lab/ecse444_w2022_group18/lab1/lib/libarm_cortexM4lf_math.a(arm_sub_f32.o)
 .debug_line    0x0000000000008e9e      0x2e0 /Users/bowencui/Documents/444lab/ecse444_w2022_group18/lab1/lib/libarm_cortexM4lf_math.a(arm_mult_f32.o)
 .debug_line    0x000000000000917e      0x2df /Users/bowencui/Documents/444lab/ecse444_w2022_group18/lab1/lib/libarm_cortexM4lf_math.a(arm_add_f32.o)

.debug_str      0x0000000000000000    0xfb33a
 .debug_str     0x0000000000000000    0xf5645 ./Drivers/STM32L4xx_HAL_Driver/Src/stm32l4xx_hal.o
                                      0xf5ab7 (size before relaxing)
 .debug_str     0x00000000000f5645      0x3a4 ./Drivers/STM32L4xx_HAL_Driver/Src/stm32l4xx_hal_cortex.o
                                      0xf57bd (size before relaxing)
 .debug_str     0x00000000000f59e9      0x5e1 ./Drivers/STM32L4xx_HAL_Driver/Src/stm32l4xx_hal_pwr_ex.o
                                      0xf5525 (size before relaxing)
 .debug_str     0x00000000000f5fca      0x5de ./Drivers/STM32L4xx_HAL_Driver/Src/stm32l4xx_hal_rcc.o
                                      0xf5590 (size before relaxing)
 .debug_str     0x00000000000f65a8     0x4555 ./Src/KalmanFilter.o
                                       0x8f7a (size before relaxing)
 .debug_str     0x00000000000faafd       0x1e ./Src/kalman.o
                                         0x60 (size before relaxing)
 .debug_str     0x00000000000fab1b      0x242 ./Src/main.o
                                      0xf98e7 (size before relaxing)
 .debug_str     0x00000000000fad5d       0x1b ./Src/stm32l4xx_hal_msp.o
                                      0xf94e0 (size before relaxing)
 .debug_str     0x00000000000fad78       0xb8 ./Src/stm32l4xx_it.o
                                      0xf940e (size before relaxing)
 .debug_str     0x00000000000fae30       0x3b ./Src/system_stm32l4xx.o
                                      0xf4f23 (size before relaxing)
 .debug_str     0x00000000000fae6b       0x40 ./Src/vector_operations.o
                                       0x6f3b (size before relaxing)
 .debug_str     0x00000000000faeab       0x5b ./Startup/startup_stm32l4s5vitx.o
                                         0x69 (size before relaxing)
 .debug_str     0x00000000000faf06      0x29d /Users/bowencui/Documents/444lab/ecse444_w2022_group18/lab1/lib/libarm_cortexM4lf_math.a(arm_std_f32.o)
                                        0x74c (size before relaxing)
 .debug_str     0x00000000000fb1a3       0x30 /Users/bowencui/Documents/444lab/ecse444_w2022_group18/lab1/lib/libarm_cortexM4lf_math.a(arm_mean_f32.o)
                                        0x670 (size before relaxing)
 .debug_str     0x00000000000fb1d3       0xa7 /Users/bowencui/Documents/444lab/ecse444_w2022_group18/lab1/lib/libarm_cortexM4lf_math.a(arm_correlate_f32.o)
                                        0x6f2 (size before relaxing)
 .debug_str     0x00000000000fb27a       0x35 /Users/bowencui/Documents/444lab/ecse444_w2022_group18/lab1/lib/libarm_cortexM4lf_math.a(arm_conv_f32.o)
                                        0x6cf (size before relaxing)
 .debug_str     0x00000000000fb2af       0x2e /Users/bowencui/Documents/444lab/ecse444_w2022_group18/lab1/lib/libarm_cortexM4lf_math.a(arm_sub_f32.o)
                                        0x671 (size before relaxing)
 .debug_str     0x00000000000fb2dd       0x2f /Users/bowencui/Documents/444lab/ecse444_w2022_group18/lab1/lib/libarm_cortexM4lf_math.a(arm_mult_f32.o)
                                        0x673 (size before relaxing)
 .debug_str     0x00000000000fb30c       0x2e /Users/bowencui/Documents/444lab/ecse444_w2022_group18/lab1/lib/libarm_cortexM4lf_math.a(arm_add_f32.o)
                                        0x671 (size before relaxing)

.comment        0x0000000000000000       0xc8
 .comment       0x0000000000000000       0x53 ./Drivers/STM32L4xx_HAL_Driver/Src/stm32l4xx_hal.o
                                         0x54 (size before relaxing)
 .comment       0x0000000000000053       0x54 ./Drivers/STM32L4xx_HAL_Driver/Src/stm32l4xx_hal_cortex.o
 .comment       0x0000000000000053       0x54 ./Drivers/STM32L4xx_HAL_Driver/Src/stm32l4xx_hal_pwr_ex.o
 .comment       0x0000000000000053       0x54 ./Drivers/STM32L4xx_HAL_Driver/Src/stm32l4xx_hal_rcc.o
 .comment       0x0000000000000053       0x54 ./Src/KalmanFilter.o
 .comment       0x0000000000000053       0x54 ./Src/main.o
 .comment       0x0000000000000053       0x54 ./Src/stm32l4xx_hal_msp.o
 .comment       0x0000000000000053       0x54 ./Src/stm32l4xx_it.o
 .comment       0x0000000000000053       0x54 ./Src/system_stm32l4xx.o
 .comment       0x0000000000000053       0x54 ./Src/vector_operations.o
 .comment       0x0000000000000053       0x75 /Users/bowencui/Documents/444lab/ecse444_w2022_group18/lab1/lib/libarm_cortexM4lf_math.a(arm_std_f32.o)
                                         0x76 (size before relaxing)
 .comment       0x00000000000000c8       0x76 /Users/bowencui/Documents/444lab/ecse444_w2022_group18/lab1/lib/libarm_cortexM4lf_math.a(arm_mean_f32.o)
 .comment       0x00000000000000c8       0x76 /Users/bowencui/Documents/444lab/ecse444_w2022_group18/lab1/lib/libarm_cortexM4lf_math.a(arm_correlate_f32.o)
 .comment       0x00000000000000c8       0x76 /Users/bowencui/Documents/444lab/ecse444_w2022_group18/lab1/lib/libarm_cortexM4lf_math.a(arm_conv_f32.o)
 .comment       0x00000000000000c8       0x76 /Users/bowencui/Documents/444lab/ecse444_w2022_group18/lab1/lib/libarm_cortexM4lf_math.a(arm_sub_f32.o)
 .comment       0x00000000000000c8       0x76 /Users/bowencui/Documents/444lab/ecse444_w2022_group18/lab1/lib/libarm_cortexM4lf_math.a(arm_mult_f32.o)
 .comment       0x00000000000000c8       0x76 /Users/bowencui/Documents/444lab/ecse444_w2022_group18/lab1/lib/libarm_cortexM4lf_math.a(arm_add_f32.o)

.debug_frame    0x0000000000000000     0x1014
 .debug_frame   0x0000000000000000      0x278 ./Drivers/STM32L4xx_HAL_Driver/Src/stm32l4xx_hal.o
 .debug_frame   0x0000000000000278      0x15c ./Drivers/STM32L4xx_HAL_Driver/Src/stm32l4xx_hal_cortex.o
 .debug_frame   0x00000000000003d4      0x2d8 ./Drivers/STM32L4xx_HAL_Driver/Src/stm32l4xx_hal_pwr_ex.o
 .debug_frame   0x00000000000006ac      0x1ac ./Drivers/STM32L4xx_HAL_Driver/Src/stm32l4xx_hal_rcc.o
 .debug_frame   0x0000000000000858       0xa4 ./Src/KalmanFilter.o
 .debug_frame   0x00000000000008fc       0x70 ./Src/main.o
 .debug_frame   0x000000000000096c       0x28 ./Src/stm32l4xx_hal_msp.o
 .debug_frame   0x0000000000000994       0xa8 ./Src/stm32l4xx_it.o
 .debug_frame   0x0000000000000a3c       0x30 ./Src/system_stm32l4xx.o
 .debug_frame   0x0000000000000a6c       0xa0 ./Src/vector_operations.o
 .debug_frame   0x0000000000000b0c       0x64 /Users/bowencui/Documents/444lab/ecse444_w2022_group18/lab1/lib/libarm_cortexM4lf_math.a(arm_std_f32.o)
 .debug_frame   0x0000000000000b70       0x2c /Users/bowencui/Documents/444lab/ecse444_w2022_group18/lab1/lib/libarm_cortexM4lf_math.a(arm_mean_f32.o)
 .debug_frame   0x0000000000000b9c       0x40 /Users/bowencui/Documents/444lab/ecse444_w2022_group18/lab1/lib/libarm_cortexM4lf_math.a(arm_correlate_f32.o)
 .debug_frame   0x0000000000000bdc       0x40 /Users/bowencui/Documents/444lab/ecse444_w2022_group18/lab1/lib/libarm_cortexM4lf_math.a(arm_conv_f32.o)
 .debug_frame   0x0000000000000c1c       0x34 /Users/bowencui/Documents/444lab/ecse444_w2022_group18/lab1/lib/libarm_cortexM4lf_math.a(arm_sub_f32.o)
 .debug_frame   0x0000000000000c50       0x34 /Users/bowencui/Documents/444lab/ecse444_w2022_group18/lab1/lib/libarm_cortexM4lf_math.a(arm_mult_f32.o)
 .debug_frame   0x0000000000000c84       0x34 /Users/bowencui/Documents/444lab/ecse444_w2022_group18/lab1/lib/libarm_cortexM4lf_math.a(arm_add_f32.o)
 .debug_frame   0x0000000000000cb8       0x20 /Applications/STM32CubeIDE.app/Contents/Eclipse/plugins/com.st.stm32cube.ide.mcu.externaltools.gnu-tools-for-stm32.9-2020-q2-update.macos64_2.0.0.202105311346/tools/bin/../lib/gcc/arm-none-eabi/9.3.1/../../../../arm-none-eabi/lib/thumb/v7e-m+fp/hard/libc_nano.a(lib_a-errno.o)
 .debug_frame   0x0000000000000cd8       0x2c /Applications/STM32CubeIDE.app/Contents/Eclipse/plugins/com.st.stm32cube.ide.mcu.externaltools.gnu-tools-for-stm32.9-2020-q2-update.macos64_2.0.0.202105311346/tools/bin/../lib/gcc/arm-none-eabi/9.3.1/../../../../arm-none-eabi/lib/thumb/v7e-m+fp/hard/libc_nano.a(lib_a-init.o)
 .debug_frame   0x0000000000000d04       0x28 /Applications/STM32CubeIDE.app/Contents/Eclipse/plugins/com.st.stm32cube.ide.mcu.externaltools.gnu-tools-for-stm32.9-2020-q2-update.macos64_2.0.0.202105311346/tools/bin/../lib/gcc/arm-none-eabi/9.3.1/../../../../arm-none-eabi/lib/thumb/v7e-m+fp/hard/libc_nano.a(lib_a-memcpy-stub.o)
 .debug_frame   0x0000000000000d2c       0x20 /Applications/STM32CubeIDE.app/Contents/Eclipse/plugins/com.st.stm32cube.ide.mcu.externaltools.gnu-tools-for-stm32.9-2020-q2-update.macos64_2.0.0.202105311346/tools/bin/../lib/gcc/arm-none-eabi/9.3.1/../../../../arm-none-eabi/lib/thumb/v7e-m+fp/hard/libc_nano.a(lib_a-memset.o)
 .debug_frame   0x0000000000000d4c       0x3c /Applications/STM32CubeIDE.app/Contents/Eclipse/plugins/com.st.stm32cube.ide.mcu.externaltools.gnu-tools-for-stm32.9-2020-q2-update.macos64_2.0.0.202105311346/tools/bin/../lib/gcc/arm-none-eabi/9.3.1/../../../../arm-none-eabi/lib/thumb/v7e-m+fp/hard/libm.a(lib_a-w_sqrt.o)
 .debug_frame   0x0000000000000d88       0x38 /Applications/STM32CubeIDE.app/Contents/Eclipse/plugins/com.st.stm32cube.ide.mcu.externaltools.gnu-tools-for-stm32.9-2020-q2-update.macos64_2.0.0.202105311346/tools/bin/../lib/gcc/arm-none-eabi/9.3.1/../../../../arm-none-eabi/lib/thumb/v7e-m+fp/hard/libm.a(lib_a-wf_sqrt.o)
 .debug_frame   0x0000000000000dc0       0x30 /Applications/STM32CubeIDE.app/Contents/Eclipse/plugins/com.st.stm32cube.ide.mcu.externaltools.gnu-tools-for-stm32.9-2020-q2-update.macos64_2.0.0.202105311346/tools/bin/../lib/gcc/arm-none-eabi/9.3.1/../../../../arm-none-eabi/lib/thumb/v7e-m+fp/hard/libm.a(lib_a-e_sqrt.o)
 .debug_frame   0x0000000000000df0       0x20 /Applications/STM32CubeIDE.app/Contents/Eclipse/plugins/com.st.stm32cube.ide.mcu.externaltools.gnu-tools-for-stm32.9-2020-q2-update.macos64_2.0.0.202105311346/tools/bin/../lib/gcc/arm-none-eabi/9.3.1/../../../../arm-none-eabi/lib/thumb/v7e-m+fp/hard/libm.a(lib_a-ef_sqrt.o)
 .debug_frame   0x0000000000000e10       0xac /Applications/STM32CubeIDE.app/Contents/Eclipse/plugins/com.st.stm32cube.ide.mcu.externaltools.gnu-tools-for-stm32.9-2020-q2-update.macos64_2.0.0.202105311346/tools/bin/../lib/gcc/arm-none-eabi/9.3.1/thumb/v7e-m+fp/hard/libgcc.a(_arm_addsubdf3.o)
 .debug_frame   0x0000000000000ebc       0x50 /Applications/STM32CubeIDE.app/Contents/Eclipse/plugins/com.st.stm32cube.ide.mcu.externaltools.gnu-tools-for-stm32.9-2020-q2-update.macos64_2.0.0.202105311346/tools/bin/../lib/gcc/arm-none-eabi/9.3.1/thumb/v7e-m+fp/hard/libgcc.a(_arm_muldivdf3.o)
 .debug_frame   0x0000000000000f0c       0xc4 /Applications/STM32CubeIDE.app/Contents/Eclipse/plugins/com.st.stm32cube.ide.mcu.externaltools.gnu-tools-for-stm32.9-2020-q2-update.macos64_2.0.0.202105311346/tools/bin/../lib/gcc/arm-none-eabi/9.3.1/thumb/v7e-m+fp/hard/libgcc.a(_arm_cmpdf2.o)
 .debug_frame   0x0000000000000fd0       0x20 /Applications/STM32CubeIDE.app/Contents/Eclipse/plugins/com.st.stm32cube.ide.mcu.externaltools.gnu-tools-for-stm32.9-2020-q2-update.macos64_2.0.0.202105311346/tools/bin/../lib/gcc/arm-none-eabi/9.3.1/thumb/v7e-m+fp/hard/libgcc.a(_arm_unorddf2.o)
 .debug_frame   0x0000000000000ff0       0x24 /Applications/STM32CubeIDE.app/Contents/Eclipse/plugins/com.st.stm32cube.ide.mcu.externaltools.gnu-tools-for-stm32.9-2020-q2-update.macos64_2.0.0.202105311346/tools/bin/../lib/gcc/arm-none-eabi/9.3.1/thumb/v7e-m+fp/hard/libgcc.a(_arm_truncdfsf2.o)
