../Core/Src/main.c:94:5:main	240	static
../Core/Src/main.c:221:6:SystemClock_Config	96	static
../Core/Src/main.c:272:13:MX_I2C2_Init	8	static
../Core/Src/main.c:320:13:MX_USART1_UART_Init	8	static
../Core/Src/main.c:368:13:MX_GPIO_Init	40	static
../Core/Src/main.c:390:6:HAL_GPIO_EXTI_Callback	16	static
../Core/Src/main.c:405:6:StartButtonTask	32	static
../Core/Src/main.c:436:6:StartSensorRead	24	static
../Core/Src/main.c:494:6:StartSerialWrite	104	static
../Core/Src/main.c:546:6:HAL_TIM_PeriodElapsedCallback	16	static
../Core/Src/main.c:563:6:Error_Handler	4	static,ignoring_inline_asm
